Archive member included to satisfy reference by file (symbol)

/Users/harry/Desktop/cmpe-244-space-invader-game/toolchains/mac/gcc-arm-none-eabi-8-2019-q3-update/bin/../lib/gcc/arm-none-eabi/8.3.1/thumb/v7e-m+fp/hard/libgcc.a(_arm_addsubdf3.o)
                              _build_lpc40xx_freertos_led_board/objects/sl_string.o (__aeabi_f2d)
/Users/harry/Desktop/cmpe-244-space-invader-game/toolchains/mac/gcc-arm-none-eabi-8-2019-q3-update/bin/../lib/gcc/arm-none-eabi/8.3.1/thumb/v7e-m+fp/hard/libgcc.a(_aeabi_ldivmod.o)
                              _build_lpc40xx_freertos_led_board/objects/tasks.o (__aeabi_ldivmod)
/Users/harry/Desktop/cmpe-244-space-invader-game/toolchains/mac/gcc-arm-none-eabi-8-2019-q3-update/bin/../lib/gcc/arm-none-eabi/8.3.1/thumb/v7e-m+fp/hard/libgcc.a(_aeabi_uldivmod.o)
                              _build_lpc40xx_freertos_led_board/objects/delay.o (__aeabi_uldivmod)
/Users/harry/Desktop/cmpe-244-space-invader-game/toolchains/mac/gcc-arm-none-eabi-8-2019-q3-update/bin/../lib/gcc/arm-none-eabi/8.3.1/thumb/v7e-m+fp/hard/libgcc.a(_udivmoddi4.o)
                              /Users/harry/Desktop/cmpe-244-space-invader-game/toolchains/mac/gcc-arm-none-eabi-8-2019-q3-update/bin/../lib/gcc/arm-none-eabi/8.3.1/thumb/v7e-m+fp/hard/libgcc.a(_aeabi_ldivmod.o) (__udivmoddi4)
/Users/harry/Desktop/cmpe-244-space-invader-game/toolchains/mac/gcc-arm-none-eabi-8-2019-q3-update/bin/../lib/gcc/arm-none-eabi/8.3.1/thumb/v7e-m+fp/hard/libgcc.a(_dvmd_tls.o)
                              /Users/harry/Desktop/cmpe-244-space-invader-game/toolchains/mac/gcc-arm-none-eabi-8-2019-q3-update/bin/../lib/gcc/arm-none-eabi/8.3.1/thumb/v7e-m+fp/hard/libgcc.a(_aeabi_ldivmod.o) (__aeabi_ldiv0)
/Users/harry/Desktop/cmpe-244-space-invader-game/toolchains/mac/gcc-arm-none-eabi-8-2019-q3-update/bin/../lib/gcc/arm-none-eabi/8.3.1/../../../../arm-none-eabi/lib/thumb/v7e-m+fp/hard/libg_nano.a(lib_a-atoi.o)
                              _build_lpc40xx_freertos_led_board/objects/esp32_task.o (atoi)
/Users/harry/Desktop/cmpe-244-space-invader-game/toolchains/mac/gcc-arm-none-eabi-8-2019-q3-update/bin/../lib/gcc/arm-none-eabi/8.3.1/../../../../arm-none-eabi/lib/thumb/v7e-m+fp/hard/libg_nano.a(lib_a-ctype_.o)
                              _build_lpc40xx_freertos_led_board/objects/sl_string.o (_ctype_)
/Users/harry/Desktop/cmpe-244-space-invader-game/toolchains/mac/gcc-arm-none-eabi-8-2019-q3-update/bin/../lib/gcc/arm-none-eabi/8.3.1/../../../../arm-none-eabi/lib/thumb/v7e-m+fp/hard/libg_nano.a(lib_a-fprintf.o)
                              _build_lpc40xx_freertos_led_board/objects/interrupt_vector_table.o (fprintf)
/Users/harry/Desktop/cmpe-244-space-invader-game/toolchains/mac/gcc-arm-none-eabi-8-2019-q3-update/bin/../lib/gcc/arm-none-eabi/8.3.1/../../../../arm-none-eabi/lib/thumb/v7e-m+fp/hard/libg_nano.a(lib_a-fputs.o)
                              _build_lpc40xx_freertos_led_board/objects/entry_point.o (fputs)
/Users/harry/Desktop/cmpe-244-space-invader-game/toolchains/mac/gcc-arm-none-eabi-8-2019-q3-update/bin/../lib/gcc/arm-none-eabi/8.3.1/../../../../arm-none-eabi/lib/thumb/v7e-m+fp/hard/libg_nano.a(lib_a-getchar.o)
                              _build_lpc40xx_freertos_led_board/objects/sj2_cli.o (getchar)
/Users/harry/Desktop/cmpe-244-space-invader-game/toolchains/mac/gcc-arm-none-eabi-8-2019-q3-update/bin/../lib/gcc/arm-none-eabi/8.3.1/../../../../arm-none-eabi/lib/thumb/v7e-m+fp/hard/libg_nano.a(lib_a-impure.o)
                              _build_lpc40xx_freertos_led_board/objects/entry_point.o (_impure_ptr)
/Users/harry/Desktop/cmpe-244-space-invader-game/toolchains/mac/gcc-arm-none-eabi-8-2019-q3-update/bin/../lib/gcc/arm-none-eabi/8.3.1/../../../../arm-none-eabi/lib/thumb/v7e-m+fp/hard/libg_nano.a(lib_a-lock.o)
                              /Users/harry/Desktop/cmpe-244-space-invader-game/toolchains/mac/gcc-arm-none-eabi-8-2019-q3-update/bin/../lib/gcc/arm-none-eabi/8.3.1/../../../../arm-none-eabi/lib/thumb/v7e-m+fp/hard/libg_nano.a(lib_a-fputs.o) (__retarget_lock_acquire_recursive)
/Users/harry/Desktop/cmpe-244-space-invader-game/toolchains/mac/gcc-arm-none-eabi-8-2019-q3-update/bin/../lib/gcc/arm-none-eabi/8.3.1/../../../../arm-none-eabi/lib/thumb/v7e-m+fp/hard/libg_nano.a(lib_a-malloc.o)
                              _build_lpc40xx_freertos_led_board/objects/heap_selector.o (malloc)
/Users/harry/Desktop/cmpe-244-space-invader-game/toolchains/mac/gcc-arm-none-eabi-8-2019-q3-update/bin/../lib/gcc/arm-none-eabi/8.3.1/../../../../arm-none-eabi/lib/thumb/v7e-m+fp/hard/libg_nano.a(lib_a-memcpy-stub.o)
                              _build_lpc40xx_freertos_led_board/objects/sl_string.o (memcpy)
/Users/harry/Desktop/cmpe-244-space-invader-game/toolchains/mac/gcc-arm-none-eabi-8-2019-q3-update/bin/../lib/gcc/arm-none-eabi/8.3.1/../../../../arm-none-eabi/lib/thumb/v7e-m+fp/hard/libg_nano.a(lib_a-memmove.o)
                              _build_lpc40xx_freertos_led_board/objects/sl_string.o (memmove)
[...]
Memory Configuration

Name             Origin             Length             Attributes
flash_512k       0x0000000000000000 0x0000000000080000 xr
ram_64k          0x0000000010000000 0x0000000000010000 xrw
ram_32k          0x0000000020000000 0x0000000000008000 xrw
*default*        0x0000000000000000 0xffffffffffffffff

Linker script and memory map

LOAD _build_lpc40xx_freertos_led_board/objects/entry_point.o
LOAD _build_lpc40xx_freertos_led_board/objects/interrupt_vector_table.o
LOAD _build_lpc40xx_freertos_led_board/objects/clock.o
LOAD _build_lpc40xx_freertos_led_board/objects/crash.o
LOAD _build_lpc40xx_freertos_led_board/objects/sbrk.o
LOAD _build_lpc40xx_freertos_led_board/objects/startup.o
LOAD _build_lpc40xx_freertos_led_board/objects/acceleration.o
LOAD _build_lpc40xx_freertos_led_board/objects/sensors.o
LOAD _build_lpc40xx_freertos_led_board/objects/ff.o
LOAD _build_lpc40xx_freertos_led_board/objects/ffsystem.o
LOAD _build_lpc40xx_freertos_led_board/objects/ffunicode.o
LOAD _build_lpc40xx_freertos_led_board/objects/disk_glue_logic.o
LOAD _build_lpc40xx_freertos_led_board/objects/fatfs_time.o
LOAD _build_lpc40xx_freertos_led_board/objects/sd_card.o
LOAD _build_lpc40xx_freertos_led_board/objects/system_calls.o
LOAD _build_lpc40xx_freertos_led_board/objects/app_cli.o
LOAD _build_lpc40xx_freertos_led_board/objects/sj2_cli.o
LOAD _build_lpc40xx_freertos_led_board/objects/handler_i2c.o
LOAD _build_lpc40xx_freertos_led_board/objects/handlers_general.o
LOAD _build_lpc40xx_freertos_led_board/objects/esp32.o
LOAD _build_lpc40xx_freertos_led_board/objects/esp32_task.o
LOAD _build_lpc40xx_freertos_led_board/objects/file_io_example.o
LOAD _build_lpc40xx_freertos_led_board/objects/delay.o
LOAD _build_lpc40xx_freertos_led_board/objects/peripherals_init.o
LOAD _build_lpc40xx_freertos_led_board/objects/ssp2_mutex.o
LOAD _build_lpc40xx_freertos_led_board/objects/sys_time.o
LOAD _build_lpc40xx_freertos_led_board/objects/uart_printf.o
LOAD _build_lpc40xx_freertos_led_board/objects/led_matrix_io.o
LOAD _build_lpc40xx_freertos_led_board/objects/rtos_hooks.o
LOAD _build_lpc40xx_freertos_led_board/objects/periodic_callbacks.o
LOAD _build_lpc40xx_freertos_led_board/objects/periodic_scheduler.o
LOAD _build_lpc40xx_freertos_led_board/objects/game_enmey_controller.o
LOAD _build_lpc40xx_freertos_led_board/objects/game_player_controller.o
LOAD _build_lpc40xx_freertos_led_board/objects/game_env.o
LOAD _build_lpc40xx_freertos_led_board/objects/score_system.o
LOAD _build_lpc40xx_freertos_led_board/objects/leightweight_lock.o
LOAD _build_lpc40xx_freertos_led_board/objects/sl_string.o
LOAD _build_lpc40xx_freertos_led_board/objects/freertos_interrupt_handlers.o
LOAD _build_lpc40xx_freertos_led_board/objects/heap_selector.o
LOAD _build_lpc40xx_freertos_led_board/objects/trcKernelPort.o
LOAD _build_lpc40xx_freertos_led_board/objects/trcSnapshotRecorder.o
LOAD _build_lpc40xx_freertos_led_board/objects/trcStreamingPort.o
LOAD _build_lpc40xx_freertos_led_board/objects/trcStreamingRecorder.o
LOAD _build_lpc40xx_freertos_led_board/objects/port.o
LOAD _build_lpc40xx_freertos_led_board/objects/croutine.o
LOAD _build_lpc40xx_freertos_led_board/objects/event_groups.o
LOAD _build_lpc40xx_freertos_led_board/objects/list.o
LOAD _build_lpc40xx_freertos_led_board/objects/queue.o
LOAD _build_lpc40xx_freertos_led_board/objects/stream_buffer.o
LOAD _build_lpc40xx_freertos_led_board/objects/tasks.o
LOAD _build_lpc40xx_freertos_led_board/objects/timers.o
LOAD _build_lpc40xx_freertos_led_board/objects/adc.o
LOAD _build_lpc40xx_freertos_led_board/objects/analog_joystick_driver.o
LOAD _build_lpc40xx_freertos_led_board/objects/bluetooth_driver.o
LOAD _build_lpc40xx_freertos_led_board/objects/board_io.o
LOAD _build_lpc40xx_freertos_led_board/objects/button_driver.o
LOAD _build_lpc40xx_freertos_led_board/objects/can_bus.o
LOAD _build_lpc40xx_freertos_led_board/objects/gpio.o
LOAD _build_lpc40xx_freertos_led_board/objects/hw_timer.o
LOAD _build_lpc40xx_freertos_led_board/objects/i2c.o
LOAD _build_lpc40xx_freertos_led_board/objects/led_matrix_driver.o
LOAD _build_lpc40xx_freertos_led_board/objects/lpc_peripherals.o
LOAD _build_lpc40xx_freertos_led_board/objects/mp3_encoder.o
LOAD _build_lpc40xx_freertos_led_board/objects/pwm1.o
LOAD _build_lpc40xx_freertos_led_board/objects/ssp2.o
LOAD _build_lpc40xx_freertos_led_board/objects/uart.o
LOAD _build_lpc40xx_freertos_led_board/objects/main.o
LOAD /Users/harry/Desktop/cmpe-244-space-invader-game/toolchains/mac/gcc-arm-none-eabi-8-2019-q3-update/bin/../lib/gcc/arm-none-eabi/8.3.1/../../../../arm-none-eabi/lib/thumb/v7e-m+fp/hard/libm.a
START GROUP
LOAD /Users/harry/Desktop/cmpe-244-space-invader-game/toolchains/mac/gcc-arm-none-eabi-8-2019-q3-update/bin/../lib/gcc/arm-none-eabi/8.3.1/thumb/v7e-m+fp/hard/libgcc.a
LOAD /Users/harry/Desktop/cmpe-244-space-invader-game/toolchains/mac/gcc-arm-none-eabi-8-2019-q3-update/bin/../lib/gcc/arm-none-eabi/8.3.1/../../../../arm-none-eabi/lib/thumb/v7e-m+fp/hard/libg_nano.a
LOAD /Users/harry/Desktop/cmpe-244-space-invader-game/toolchains/mac/gcc-arm-none-eabi-8-2019-q3-update/bin/../lib/gcc/arm-none-eabi/8.3.1/../../../../arm-none-eabi/lib/thumb/v7e-m+fp/hard/libc_nano.a
END GROUP
START GROUP
LOAD /Users/harry/Desktop/cmpe-244-space-invader-game/toolchains/mac/gcc-arm-none-eabi-8-2019-q3-update/bin/../lib/gcc/arm-none-eabi/8.3.1/thumb/v7e-m+fp/hard/libgcc.a
LOAD /Users/harry/Desktop/cmpe-244-space-invader-game/toolchains/mac/gcc-arm-none-eabi-8-2019-q3-update/bin/../lib/gcc/arm-none-eabi/8.3.1/../../../../arm-none-eabi/lib/thumb/v7e-m+fp/hard/libc_nano.a
END GROUP
                0x0000000000000000                __base_flash = ORIGIN (flash_512k)
                0x0000000000080000                __top_flash = (__base_flash + LENGTH (flash_512k))
                0x0000000010000000                __base_ram_64k = ORIGIN (ram_64k)
                0x0000000010010000                __top_ram_64k = (__base_ram_64k + LENGTH (ram_64k))
                0x0000000020000000                __base_ram_32k = ORIGIN (ram_32k)
                0x0000000020008000                __top_ram_32k = (__base_ram_32k + LENGTH (ram_32k))

.text           0x0000000000000000     0xd19c
 FILL mask 0xff
 *(.interrupt_vector_table)
 .interrupt_vector_table
                0x0000000000000000       0xe4 _build_lpc40xx_freertos_led_board/objects/interrupt_vector_table.o
                0x0000000000000000                interrupt_vector_table
                0x00000000000000e4                . = ALIGN (0x4)
 *(.init)
                0x00000000000000e4                . = ALIGN (0x4)
                0x00000000000000e4                __preinit_array_start = .
 *(.preinit_array)
                0x00000000000000e4                __preinit_array_end = .
                0x00000000000000e4                . = ALIGN (0x4)
                0x00000000000000e4                __init_array_start = .
 *(SORT_BY_NAME(.init_array.*))
 *(.init_array)
                0x00000000000000e4                __init_array_end = .
 *(.fini)
                0x00000000000000e4                . = ALIGN (0x4)
 *crtbegin.o(.ctors)
 *(EXCLUDE_FILE(*crtend.o) .ctors)
 *(SORT_BY_NAME(.ctors.*))
 *crtend.o(.ctors)
                0x00000000000000e4                . = ALIGN (0x4)
 *crtbegin.o(.dtors)
 *(EXCLUDE_FILE(*crtend.o) .dtors)
 *(SORT_BY_NAME(.dtors.*))
 *crtend.o(.dtors)
 *(.text*)
 .text.entry_point
                0x00000000000000e4       0x74 _build_lpc40xx_freertos_led_board/objects/entry_point.o
                0x00000000000000e4                entry_point
 .text.isr_hard_fault
                0x0000000000000158       0x1a _build_lpc40xx_freertos_led_board/objects/interrupt_vector_table.o
 *fill*         0x0000000000000172        0x2 ff
 .text.halt     0x0000000000000174       0x5c _build_lpc40xx_freertos_led_board/objects/interrupt_vector_table.o
 .text.isr_hard_fault_handler
                0x00000000000001d0       0x4c _build_lpc40xx_freertos_led_board/objects/interrupt_vector_table.o
                0x00000000000001d0                isr_hard_fault_handler
 .text.clock__get_core_clock_hz
                0x000000000000021c        0x8 _build_lpc40xx_freertos_led_board/objects/clock.o
                0x000000000000021c                clock__get_core_clock_hz
 .text.clock__get_peripheral_clock_hz
                0x0000000000000224        0x8 _build_lpc40xx_freertos_led_board/objects/clock.o
                0x0000000000000224                clock__get_peripheral_clock_hz
 .text.clock__initialize_system_clock_96mhz
                0x000000000000022c       0x40 _build_lpc40xx_freertos_led_board/objects/clock.o
                0x000000000000022c                clock__initialize_system_clock_96mhz
 .text.crash__record_get
                0x000000000000026c       0x18 _build_lpc40xx_freertos_led_board/objects/crash.o
                0x000000000000026c                crash__record_get
 .text.crash__report_if_occurred
                0x0000000000000284       0xc0 _build_lpc40xx_freertos_led_board/objects/crash.o
                0x0000000000000284                crash__report_if_occurred
 .text._sbrk    0x0000000000000344       0x54 _build_lpc40xx_freertos_led_board/objects/sbrk.o
                0x0000000000000344                _sbrk
 .text.startup__initialize_ram
                0x0000000000000398       0x3c _build_lpc40xx_freertos_led_board/objects/startup.o
                0x0000000000000398                startup__initialize_ram
 .text.startup__initialize_fpu
                0x00000000000003d4       0x14 _build_lpc40xx_freertos_led_board/objects/startup.o
                0x00000000000003d4                startup__initialize_fpu
 .text.startup__initialize_interrupts
                0x00000000000003e8       0x18 _build_lpc40xx_freertos_led_board/objects/startup.o
                0x00000000000003e8                startup__initialize_interrupts
 .text.acceleration__init
                0x0000000000000400       0x22 _build_lpc40xx_freertos_led_board/objects/acceleration.o
                0x0000000000000400                acceleration__init
 .text.sensors__init
                0x0000000000000422        0x4 _build_lpc40xx_freertos_led_board/objects/sensors.o
                0x0000000000000422                sensors__init
 .text.ld_dword
                0x0000000000000426       0x10 _build_lpc40xx_freertos_led_board/objects/ff.o
 .text.mem_cmp  0x0000000000000436       0x1c _build_lpc40xx_freertos_led_board/objects/ff.o
 .text.get_ldnumber
                0x0000000000000452       0x2a _build_lpc40xx_freertos_led_board/objects/ff.o
 .text.sync_window.part.6
                0x000000000000047c       0x40 _build_lpc40xx_freertos_led_board/objects/ff.o
 .text.move_window
                0x00000000000004bc       0x44 _build_lpc40xx_freertos_led_board/objects/ff.o
 .text.check_fs
                0x0000000000000500       0x74 _build_lpc40xx_freertos_led_board/objects/ff.o
 .text.find_volume
                0x0000000000000574      0x2c0 _build_lpc40xx_freertos_led_board/objects/ff.o
 .text.unlock_fs
                0x0000000000000834       0x16 _build_lpc40xx_freertos_led_board/objects/ff.o
 *fill*         0x000000000000084a        0x2 ff
 .text.f_mount  0x000000000000084c       0x70 _build_lpc40xx_freertos_led_board/objects/ff.o
                0x000000000000084c                f_mount
 .text.ff_cre_syncobj
                0x00000000000008bc       0x1c _build_lpc40xx_freertos_led_board/objects/ffsystem.o
                0x00000000000008bc                ff_cre_syncobj
 .text.ff_del_syncobj
                0x00000000000008d8        0xa _build_lpc40xx_freertos_led_board/objects/ffsystem.o
                0x00000000000008d8                ff_del_syncobj
 .text.ff_req_grant
                0x00000000000008e2       0x12 _build_lpc40xx_freertos_led_board/objects/ffsystem.o
                0x00000000000008e2                ff_req_grant
 .text.ff_rel_grant
                0x00000000000008f4        0xa _build_lpc40xx_freertos_led_board/objects/ffsystem.o
                0x00000000000008f4                ff_rel_grant
 .text.disk_initialize
                0x00000000000008fe       0x1c _build_lpc40xx_freertos_led_board/objects/disk_glue_logic.o
                0x00000000000008fe                disk_initialize
 .text.disk_status
                0x000000000000091a        0xa _build_lpc40xx_freertos_led_board/objects/disk_glue_logic.o
                0x000000000000091a                disk_status
 .text.disk_read
                0x0000000000000924       0x28 _build_lpc40xx_freertos_led_board/objects/disk_glue_logic.o
                0x0000000000000924                disk_read
 .text.disk_write
                0x000000000000094c       0x28 _build_lpc40xx_freertos_led_board/objects/disk_glue_logic.o
                0x000000000000094c                disk_write
 .text.sd_card__wait_for_ready
                0x0000000000000974       0x28 _build_lpc40xx_freertos_led_board/objects/sd_card.o
 .text.sd_card__power_off
                0x000000000000099c       0x20 _build_lpc40xx_freertos_led_board/objects/sd_card.o
 .text.sd_card__transmit_datablock
                0x00000000000009bc       0x5a _build_lpc40xx_freertos_led_board/objects/sd_card.o
 .text.sd_card__send_command
                0x0000000000000a16       0x86 _build_lpc40xx_freertos_led_board/objects/sd_card.o
 .text.sd_card__read_datablock
                0x0000000000000a9c       0x42 _build_lpc40xx_freertos_led_board/objects/sd_card.o
 *fill*         0x0000000000000ade        0x2 ff
 .text.sd_card__update_status
                0x0000000000000ae0       0x20 _build_lpc40xx_freertos_led_board/objects/sd_card.o
                0x0000000000000ae0                sd_card__update_status
 .text.sd_card__initialize
                0x0000000000000b00      0x13c _build_lpc40xx_freertos_led_board/objects/sd_card.o
                0x0000000000000b00                sd_card__initialize
 .text.sd_card__status
                0x0000000000000c3c       0x10 _build_lpc40xx_freertos_led_board/objects/sd_card.o
                0x0000000000000c3c                sd_card__status
 .text.sd_card__read
                0x0000000000000c4c       0x8c _build_lpc40xx_freertos_led_board/objects/sd_card.o
                0x0000000000000c4c                sd_card__read
 .text.sd_card__write
                0x0000000000000cd8       0xa8 _build_lpc40xx_freertos_led_board/objects/sd_card.o
                0x0000000000000cd8                sd_card__write
 .text.system_calls__print_and_halt
                0x0000000000000d80       0x1e _build_lpc40xx_freertos_led_board/objects/system_calls.o
 *fill*         0x0000000000000d9e        0x2 ff
 .text._isatty  0x0000000000000da0       0x28 _build_lpc40xx_freertos_led_board/objects/system_calls.o
                0x0000000000000da0                _isatty
 .text._close   0x0000000000000dc8        0xc _build_lpc40xx_freertos_led_board/objects/system_calls.o
                0x0000000000000dc8                _close
 .text._fstat   0x0000000000000dd4        0x4 _build_lpc40xx_freertos_led_board/objects/system_calls.o
                0x0000000000000dd4                _fstat
 .text._lseek   0x0000000000000dd8        0x4 _build_lpc40xx_freertos_led_board/objects/system_calls.o
                0x0000000000000dd8                _lseek
 .text._write   0x0000000000000ddc       0x70 _build_lpc40xx_freertos_led_board/objects/system_calls.o
                0x0000000000000ddc                _write
 .text._read    0x0000000000000e4c       0x40 _build_lpc40xx_freertos_led_board/objects/system_calls.o
                0x0000000000000e4c                _read
 .text.app_cli__private_print_list_of_all_commands
                0x0000000000000e8c       0xbc _build_lpc40xx_freertos_led_board/objects/app_cli.o
 .text.app_cli__initialize
                0x0000000000000f48       0x16 _build_lpc40xx_freertos_led_board/objects/app_cli.o
                0x0000000000000f48                app_cli__initialize
 .text.app_cli__add_command_handler
                0x0000000000000f5e        0xa _build_lpc40xx_freertos_led_board/objects/app_cli.o
                0x0000000000000f5e                app_cli__add_command_handler
 .text.app_cli__process_input
                0x0000000000000f68      0x1b8 _build_lpc40xx_freertos_led_board/objects/app_cli.o
                0x0000000000000f68                app_cli__process_input
 .text.sj2_cli__output_function
                0x0000000000001120       0x12 _build_lpc40xx_freertos_led_board/objects/sj2_cli.o
 *fill*         0x0000000000001132        0x2 ff
 .text.sj2_cli__task
                0x0000000000001134       0x98 _build_lpc40xx_freertos_led_board/objects/sj2_cli.o
 .text.sj2_cli__init
                0x00000000000011cc       0x88 _build_lpc40xx_freertos_led_board/objects/sj2_cli.o
                0x00000000000011cc                sj2_cli__init
 .text.cli__i2c_read
                0x0000000000001254      0x104 _build_lpc40xx_freertos_led_board/objects/handler_i2c.o
 .text.cli__i2c_write
                0x0000000000001358      0x12c _build_lpc40xx_freertos_led_board/objects/handler_i2c.o
 .text.cli__i2c
                0x0000000000001484       0x68 _build_lpc40xx_freertos_led_board/objects/handler_i2c.o
                0x0000000000001484                cli__i2c
 .text.cli__uart3_transmit
                0x00000000000014ec       0x44 _build_lpc40xx_freertos_led_board/objects/handlers_general.o
                0x00000000000014ec                cli__uart3_transmit
 .text.cli__crash_me
                0x0000000000001530       0x18 _build_lpc40xx_freertos_led_board/objects/handlers_general.o
                0x0000000000001530                cli__crash_me
 .text.cli__task_list
                0x0000000000001548      0x10c _build_lpc40xx_freertos_led_board/objects/handlers_general.o
                0x0000000000001548                cli__task_list
 .text.delay__us
                0x0000000000001654       0x40 _build_lpc40xx_freertos_led_board/objects/delay.o
                0x0000000000001654                delay__us
 .text.delay__ms
                0x0000000000001694        0xc _build_lpc40xx_freertos_led_board/objects/delay.o
                0x0000000000001694                delay__ms
 .text.peripherals_init
                0x00000000000016a0      0x12c _build_lpc40xx_freertos_led_board/objects/peripherals_init.o
                0x00000000000016a0                peripherals_init
 .text.spi2_mutex__acquire
                0x00000000000017cc       0x34 _build_lpc40xx_freertos_led_board/objects/ssp2_mutex.o
                0x00000000000017cc                spi2_mutex__acquire
 .text.spi2_mutex__release
                0x0000000000001800       0x24 _build_lpc40xx_freertos_led_board/objects/ssp2_mutex.o
                0x0000000000001800                spi2_mutex__release
 .text.sys_time__one_minute_isr
                0x0000000000001824       0x24 _build_lpc40xx_freertos_led_board/objects/sys_time.o
 .text.sys_time__init
                0x0000000000001848       0x2c _build_lpc40xx_freertos_led_board/objects/sys_time.o
                0x0000000000001848                sys_time__init
 .text.sys_time__get_uptime_us
                0x0000000000001874       0x2c _build_lpc40xx_freertos_led_board/objects/sys_time.o
                0x0000000000001874                sys_time__get_uptime_us
 .text.sys_time__get_uptime_ms
                0x00000000000018a0       0x12 _build_lpc40xx_freertos_led_board/objects/sys_time.o
                0x00000000000018a0                sys_time__get_uptime_ms
 .text.uart_puts
                0x00000000000018b2       0x3a _build_lpc40xx_freertos_led_board/objects/uart_printf.o
                0x00000000000018b2                uart_puts
 .text.uart_puts__polled
                0x00000000000018ec       0x2a _build_lpc40xx_freertos_led_board/objects/uart_printf.o
                0x00000000000018ec                uart_puts__polled
 *fill*         0x0000000000001916        0x2 ff
 .text.get_gpio_table
                0x0000000000001918        0x8 _build_lpc40xx_freertos_led_board/objects/led_matrix_io.o
                0x0000000000001918                get_gpio_table
 .text.led_matrix_row_control
                0x0000000000001920        0xa _build_lpc40xx_freertos_led_board/objects/led_matrix_io.o
                0x0000000000001920                led_matrix_row_control
 .text.led_matrix_rgb_control
                0x000000000000192a        0x4 _build_lpc40xx_freertos_led_board/objects/led_matrix_io.o
                0x000000000000192a                led_matrix_rgb_control
 .text.led_matrix_clk_latch_oe_control
                0x000000000000192e        0x4 _build_lpc40xx_freertos_led_board/objects/led_matrix_io.o
                0x000000000000192e                led_matrix_clk_latch_oe_control
 *fill*         0x0000000000001932        0x2 ff
 .text.led_matrix_io_init
                0x0000000000001934       0xc8 _build_lpc40xx_freertos_led_board/objects/led_matrix_io.o
                0x0000000000001934                led_matrix_io_init
 .text.vApplicationStackOverflowHook
                0x00000000000019fc       0x1c _build_lpc40xx_freertos_led_board/objects/rtos_hooks.o
                0x00000000000019fc                vApplicationStackOverflowHook
 .text.vApplicationMallocFailedHook
                0x0000000000001a18       0x10 _build_lpc40xx_freertos_led_board/objects/rtos_hooks.o
                0x0000000000001a18                vApplicationMallocFailedHook
 .text.vApplicationIdleHook
                0x0000000000001a28       0x10 _build_lpc40xx_freertos_led_board/objects/rtos_hooks.o
                0x0000000000001a28                vApplicationIdleHook
 .text.configASSERT_callback
                0x0000000000001a38       0x40 _build_lpc40xx_freertos_led_board/objects/rtos_hooks.o
                0x0000000000001a38                configASSERT_callback
 .text.vApplicationGetIdleTaskMemory
                0x0000000000001a78       0x18 _build_lpc40xx_freertos_led_board/objects/rtos_hooks.o
                0x0000000000001a78                vApplicationGetIdleTaskMemory
 .text.freertos_hooks__get_run_time_counter_value
                0x0000000000001a90       0x14 _build_lpc40xx_freertos_led_board/objects/rtos_hooks.o
                0x0000000000001a90                freertos_hooks__get_run_time_counter_value
 .text.freertos_hooks__reset_run_time_stats
                0x0000000000001aa4       0x14 _build_lpc40xx_freertos_led_board/objects/rtos_hooks.o
                0x0000000000001aa4                freertos_hooks__reset_run_time_stats
 .text.game_env__enemy_init_random_at_right
                0x0000000000001ab8       0x30 _build_lpc40xx_freertos_led_board/objects/game_enmey_controller.o
                0x0000000000001ab8                game_env__enemy_init_random_at_right
 .text.game_agent__update_location
                0x0000000000001ae8      0x188 _build_lpc40xx_freertos_led_board/objects/game_player_controller.o
                0x0000000000001ae8                game_agent__update_location
 .text.game_agent__return_joystick_move
                0x0000000000001c70       0x9c _build_lpc40xx_freertos_led_board/objects/game_player_controller.o
                0x0000000000001c70                game_agent__return_joystick_move
 .text.game_agent__agent_init
                0x0000000000001d0c       0x14 _build_lpc40xx_freertos_led_board/objects/game_player_controller.o
                0x0000000000001d0c                game_agent__agent_init
 .text.remove_missile_from_list
                0x0000000000001d20       0x44 _build_lpc40xx_freertos_led_board/objects/game_env.o
 .text.reset_all_game_parameters
                0x0000000000001d64       0x5c _build_lpc40xx_freertos_led_board/objects/game_env.o
 .text.game_env__enemy_task
                0x0000000000001dc0      0x124 _build_lpc40xx_freertos_led_board/objects/game_env.o
                0x0000000000001dc0                game_env__enemy_task
 .text.game_env__player_task
                0x0000000000001ee4      0x218 _build_lpc40xx_freertos_led_board/objects/game_env.o
                0x0000000000001ee4                game_env__player_task
 .text.game_env__button_task
                0x00000000000020fc      0x154 _build_lpc40xx_freertos_led_board/objects/game_env.o
                0x00000000000020fc                game_env__button_task
 .text.game_env__missile_task
                0x0000000000002250       0xa4 _build_lpc40xx_freertos_led_board/objects/game_env.o
                0x0000000000002250                game_env__missile_task
 .text.game_env__raise_difficult_level
                0x00000000000022f4       0x88 _build_lpc40xx_freertos_led_board/objects/game_env.o
                0x00000000000022f4                game_env__raise_difficult_level
 .text.draw_score_by_index
                0x000000000000237c       0x2c _build_lpc40xx_freertos_led_board/objects/score_system.o
 .text.score__reset
                0x00000000000023a8       0x24 _build_lpc40xx_freertos_led_board/objects/score_system.o
                0x00000000000023a8                score__reset
 .text.score__increase
                0x00000000000023cc       0x10 _build_lpc40xx_freertos_led_board/objects/score_system.o
                0x00000000000023cc                score__increase
 .text.score__decrease
                0x00000000000023dc       0x10 _build_lpc40xx_freertos_led_board/objects/score_system.o
                0x00000000000023dc                score__decrease
 .text.score__update
                0x00000000000023ec       0xc0 _build_lpc40xx_freertos_led_board/objects/score_system.o
                0x00000000000023ec                score__update
 .text.score__updating
                0x00000000000024ac        0xe _build_lpc40xx_freertos_led_board/objects/score_system.o
                0x00000000000024ac                score__updating
 *fill*         0x00000000000024ba        0x2 ff
 .text.score__return_score
                0x00000000000024bc        0xc _build_lpc40xx_freertos_led_board/objects/score_system.o
                0x00000000000024bc                score__return_score
 .text.sl_utils__pointer_distance
                0x00000000000024c8        0xc _build_lpc40xx_freertos_led_board/objects/sl_string.o
                0x00000000000024c8                sl_utils__pointer_distance
 .text.sl_string__initialize
                0x00000000000024d4       0x26 _build_lpc40xx_freertos_led_board/objects/sl_string.o
                0x00000000000024d4                sl_string__initialize
 .text.sl_string__get_capacity
                0x00000000000024fa       0x1a _build_lpc40xx_freertos_led_board/objects/sl_string.o
                0x00000000000024fa                sl_string__get_capacity
 .text.sl_string__get_length
                0x0000000000002514       0x16 _build_lpc40xx_freertos_led_board/objects/sl_string.o
                0x0000000000002514                sl_string__get_length
 .text.sl_string__is_full
                0x000000000000252a       0x32 _build_lpc40xx_freertos_led_board/objects/sl_string.o
                0x000000000000252a                sl_string__is_full
 .text.sl_string__c_str
                0x000000000000255c        0xe _build_lpc40xx_freertos_led_board/objects/sl_string.o
                0x000000000000255c                sl_string__c_str
 .text.sl_string__clear
                0x000000000000256a       0x1e _build_lpc40xx_freertos_led_board/objects/sl_string.o
                0x000000000000256a                sl_string__clear
 .text.sl_string__vprintf
                0x0000000000002588       0x24 _build_lpc40xx_freertos_led_board/objects/sl_string.o
                0x0000000000002588                sl_string__vprintf
 .text.sl_string__printf
                0x00000000000025ac       0x2e _build_lpc40xx_freertos_led_board/objects/sl_string.o
                0x00000000000025ac                sl_string__printf
 .text.sl_string__scanf
                0x00000000000025da       0x28 _build_lpc40xx_freertos_led_board/objects/sl_string.o
                0x00000000000025da                sl_string__scanf
 .text.sl_string__set
                0x0000000000002602       0x3c _build_lpc40xx_freertos_led_board/objects/sl_string.o
                0x0000000000002602                sl_string__set
 .text.sl_string__initialize_from
                0x000000000000263e       0x26 _build_lpc40xx_freertos_led_board/objects/sl_string.o
                0x000000000000263e                sl_string__initialize_from
 .text.sl_string__insert_at
                0x0000000000002664       0x8e _build_lpc40xx_freertos_led_board/objects/sl_string.o
                0x0000000000002664                sl_string__insert_at
 .text.sl_string__append
                0x00000000000026f2       0x4e _build_lpc40xx_freertos_led_board/objects/sl_string.o
                0x00000000000026f2                sl_string__append
 .text.sl_string__append_char
                0x0000000000002740       0x28 _build_lpc40xx_freertos_led_board/objects/sl_string.o
                0x0000000000002740                sl_string__append_char
 .text.sl_string__equals_to_ignore_case
                0x0000000000002768       0x24 _build_lpc40xx_freertos_led_board/objects/sl_string.o
                0x0000000000002768                sl_string__equals_to_ignore_case
 .text.sl_string__begins_with_limited_chars
                0x000000000000278c       0x36 _build_lpc40xx_freertos_led_board/objects/sl_string.o
                0x000000000000278c                sl_string__begins_with_limited_chars
 .text.sl_string__begins_with_ignore_case
                0x00000000000027c2       0x3c _build_lpc40xx_freertos_led_board/objects/sl_string.o
                0x00000000000027c2                sl_string__begins_with_ignore_case
 *fill*         0x00000000000027fe        0x2 ff
 .text.sl_string__to_int
                0x0000000000002800       0x34 _build_lpc40xx_freertos_led_board/objects/sl_string.o
                0x0000000000002800                sl_string__to_int
 .text.sl_string__begins_with_whole_word
                0x0000000000002834       0x52 _build_lpc40xx_freertos_led_board/objects/sl_string.o
                0x0000000000002834                sl_string__begins_with_whole_word
 .text.sl_string__ends_with_newline
                0x0000000000002886       0x30 _build_lpc40xx_freertos_led_board/objects/sl_string.o
                0x0000000000002886                sl_string__ends_with_newline
 .text.sl_string__erase_after
                0x00000000000028b6       0x40 _build_lpc40xx_freertos_led_board/objects/sl_string.o
                0x00000000000028b6                sl_string__erase_after
 .text.sl_string__erase_first
                0x00000000000028f6       0x28 _build_lpc40xx_freertos_led_board/objects/sl_string.o
                0x00000000000028f6                sl_string__erase_first
 .text.sl_string__erase_last
                0x000000000000291e       0x36 _build_lpc40xx_freertos_led_board/objects/sl_string.o
                0x000000000000291e                sl_string__erase_last
 .text.sl_string__erase_at_substring
                0x0000000000002954       0x34 _build_lpc40xx_freertos_led_board/objects/sl_string.o
                0x0000000000002954                sl_string__erase_at_substring
 .text.sl_string__erase_first_word
                0x0000000000002988       0x32 _build_lpc40xx_freertos_led_board/objects/sl_string.o
                0x0000000000002988                sl_string__erase_first_word
 *fill*         0x00000000000029ba        0x2 ff
 .text.sl_string__erase_int
                0x00000000000029bc       0x70 _build_lpc40xx_freertos_led_board/objects/sl_string.o
                0x00000000000029bc                sl_string__erase_int
 .text.sl_string__trim_end
                0x0000000000002a2c       0x52 _build_lpc40xx_freertos_led_board/objects/sl_string.o
                0x0000000000002a2c                sl_string__trim_end
 .text.vPortSVCHandler_wrapper
                0x0000000000002a7e        0x4 _build_lpc40xx_freertos_led_board/objects/freertos_interrupt_handlers.o
                0x0000000000002a7e                vPortSVCHandler_wrapper
 .text.xPortPendSVHandler_wrapper
                0x0000000000002a82        0x4 _build_lpc40xx_freertos_led_board/objects/freertos_interrupt_handlers.o
                0x0000000000002a82                xPortPendSVHandler_wrapper
 .text.xPortSysTickHandler_wrapper
                0x0000000000002a86        0x4 _build_lpc40xx_freertos_led_board/objects/freertos_interrupt_handlers.o
                0x0000000000002a86                xPortSysTickHandler_wrapper
 .text.pvPortMalloc
                0x0000000000002a8a       0x1e _build_lpc40xx_freertos_led_board/objects/heap_selector.o
                0x0000000000002a8a                pvPortMalloc
 .text.vPortFree
                0x0000000000002aa8       0x1a _build_lpc40xx_freertos_led_board/objects/heap_selector.o
                0x0000000000002aa8                vPortFree
 *fill*         0x0000000000002ac2        0x2 ff
 .text.prvPortStartFirstTask
                0x0000000000002ac4       0x28 _build_lpc40xx_freertos_led_board/objects/port.o
 .text.vPortEnableVFP
                0x0000000000002aec       0x14 _build_lpc40xx_freertos_led_board/objects/port.o
 .text.prvTaskExitError
                0x0000000000002b00       0x3c _build_lpc40xx_freertos_led_board/objects/port.o
 .text.pxPortInitialiseStack
                0x0000000000002b3c       0x2c _build_lpc40xx_freertos_led_board/objects/port.o
                0x0000000000002b3c                pxPortInitialiseStack
 *fill*         0x0000000000002b68        0x8 ff
 .text.vPortSVCHandler
                0x0000000000002b70       0x24 _build_lpc40xx_freertos_led_board/objects/port.o
                0x0000000000002b70                vPortSVCHandler
 .text.vPortEnterCritical
                0x0000000000002b94       0x44 _build_lpc40xx_freertos_led_board/objects/port.o
                0x0000000000002b94                vPortEnterCritical
 .text.vPortExitCritical
                0x0000000000002bd8       0x28 _build_lpc40xx_freertos_led_board/objects/port.o
                0x0000000000002bd8                vPortExitCritical
 .text.xPortPendSVHandler
                0x0000000000002c00       0x64 _build_lpc40xx_freertos_led_board/objects/port.o
                0x0000000000002c00                xPortPendSVHandler
 .text.xPortSysTickHandler
                0x0000000000002c64       0x2c _build_lpc40xx_freertos_led_board/objects/port.o
                0x0000000000002c64                xPortSysTickHandler
 .text.vPortSetupTimerInterrupt
                0x0000000000002c90       0x30 _build_lpc40xx_freertos_led_board/objects/port.o
                0x0000000000002c90                vPortSetupTimerInterrupt
 .text.xPortStartScheduler
                0x0000000000002cc0      0x100 _build_lpc40xx_freertos_led_board/objects/port.o
                0x0000000000002cc0                xPortStartScheduler
 .text.vPortValidateInterruptPriority
                0x0000000000002dc0       0x58 _build_lpc40xx_freertos_led_board/objects/port.o
                0x0000000000002dc0                vPortValidateInterruptPriority
 .text.vListInitialise
                0x0000000000002e18       0x16 _build_lpc40xx_freertos_led_board/objects/list.o
                0x0000000000002e18                vListInitialise
 .text.vListInitialiseItem
                0x0000000000002e2e        0x6 _build_lpc40xx_freertos_led_board/objects/list.o
                0x0000000000002e2e                vListInitialiseItem
 .text.vListInsertEnd
                0x0000000000002e34       0x18 _build_lpc40xx_freertos_led_board/objects/list.o
                0x0000000000002e34                vListInsertEnd
 .text.vListInsert
                0x0000000000002e4c       0x2e _build_lpc40xx_freertos_led_board/objects/list.o
                0x0000000000002e4c                vListInsert
 .text.uxListRemove
                0x0000000000002e7a       0x20 _build_lpc40xx_freertos_led_board/objects/list.o
                0x0000000000002e7a                uxListRemove
 .text.prvIsQueueEmpty
                0x0000000000002e9a       0x16 _build_lpc40xx_freertos_led_board/objects/queue.o
 .text.prvCopyDataToQueue
                0x0000000000002eb0       0x6a _build_lpc40xx_freertos_led_board/objects/queue.o
 .text.prvCopyDataFromQueue
                0x0000000000002f1a       0x2a _build_lpc40xx_freertos_led_board/objects/queue.o
 .text.prvUnlockQueue
                0x0000000000002f44       0x70 _build_lpc40xx_freertos_led_board/objects/queue.o
 .text.xQueueGenericReset
                0x0000000000002fb4       0x7c _build_lpc40xx_freertos_led_board/objects/queue.o
                0x0000000000002fb4                xQueueGenericReset
 .text.xQueueGenericCreateStatic
                0x0000000000003030       0x94 _build_lpc40xx_freertos_led_board/objects/queue.o
                0x0000000000003030                xQueueGenericCreateStatic
 .text.xQueueGenericCreate
                0x00000000000030c4       0x4c _build_lpc40xx_freertos_led_board/objects/queue.o
                0x00000000000030c4                xQueueGenericCreate
 .text.xQueueGenericSend
                0x0000000000003110      0x15c _build_lpc40xx_freertos_led_board/objects/queue.o
                0x0000000000003110                xQueueGenericSend
 .text.xQueueCreateMutexStatic
                0x000000000000326c       0x2a _build_lpc40xx_freertos_led_board/objects/queue.o
                0x000000000000326c                xQueueCreateMutexStatic
 .text.xQueueCreateMutex
                0x0000000000003296       0x24 _build_lpc40xx_freertos_led_board/objects/queue.o
                0x0000000000003296                xQueueCreateMutex
 *fill*         0x00000000000032ba        0x2 ff
 .text.xQueueGenericSendFromISR
                0x00000000000032bc       0xbc _build_lpc40xx_freertos_led_board/objects/queue.o
                0x00000000000032bc                xQueueGenericSendFromISR
 .text.xQueueGiveFromISR
                0x0000000000003378       0xa4 _build_lpc40xx_freertos_led_board/objects/queue.o
                0x0000000000003378                xQueueGiveFromISR
 .text.xQueueReceive
                0x000000000000341c      0x13c _build_lpc40xx_freertos_led_board/objects/queue.o
                0x000000000000341c                xQueueReceive
 .text.xQueueSemaphoreTake
                0x0000000000003558      0x180 _build_lpc40xx_freertos_led_board/objects/queue.o
                0x0000000000003558                xQueueSemaphoreTake
 .text.xQueueReceiveFromISR
                0x00000000000036d8       0x9c _build_lpc40xx_freertos_led_board/objects/queue.o
                0x00000000000036d8                xQueueReceiveFromISR
 .text.vQueueDelete
                0x0000000000003774       0x24 _build_lpc40xx_freertos_led_board/objects/queue.o
                0x0000000000003774                vQueueDelete
 .text.prvResetRunTimeStatsInList
                0x0000000000003798       0x2e _build_lpc40xx_freertos_led_board/objects/tasks.o
 *fill*         0x00000000000037c6        0x2 ff
 .text.prvAddNewTaskToReadyList
                0x00000000000037c8       0xf4 _build_lpc40xx_freertos_led_board/objects/tasks.o
 .text.prvIdleTask
                0x00000000000038bc       0x28 _build_lpc40xx_freertos_led_board/objects/tasks.o
 .text.prvResetNextTaskUnblockTime
                0x00000000000038e4       0x24 _build_lpc40xx_freertos_led_board/objects/tasks.o
 .text.prvTaskIsTaskSuspended
                0x0000000000003908       0x38 _build_lpc40xx_freertos_led_board/objects/tasks.o
 .text.prvInitialiseNewTask.isra.2
                0x0000000000003940       0x98 _build_lpc40xx_freertos_led_board/objects/tasks.o
 .text.prvAddCurrentTaskToDelayedList
                0x00000000000039d8       0x8c _build_lpc40xx_freertos_led_board/objects/tasks.o
 .text.xTaskCreateStatic
                0x0000000000003a64       0x6c _build_lpc40xx_freertos_led_board/objects/tasks.o
                0x0000000000003a64                xTaskCreateStatic
 .text.xTaskCreate
                0x0000000000003ad0       0x5a _build_lpc40xx_freertos_led_board/objects/tasks.o
                0x0000000000003ad0                xTaskCreate
 *fill*         0x0000000000003b2a        0x2 ff
 .text.eTaskGetState
                0x0000000000003b2c       0x6c _build_lpc40xx_freertos_led_board/objects/tasks.o
                0x0000000000003b2c                eTaskGetState
 .text.vTaskResume
                0x0000000000003b98       0x84 _build_lpc40xx_freertos_led_board/objects/tasks.o
                0x0000000000003b98                vTaskResume
 .text.vTaskStartScheduler
                0x0000000000003c1c       0x74 _build_lpc40xx_freertos_led_board/objects/tasks.o
                0x0000000000003c1c                vTaskStartScheduler
 .text.vTaskSuspendAll
                0x0000000000003c90       0x10 _build_lpc40xx_freertos_led_board/objects/tasks.o
                0x0000000000003c90                vTaskSuspendAll
 .text.xTaskIncrementTick
                0x0000000000003ca0      0x124 _build_lpc40xx_freertos_led_board/objects/tasks.o
                0x0000000000003ca0                xTaskIncrementTick
 .text.xTaskResumeAll
                0x0000000000003dc4       0xec _build_lpc40xx_freertos_led_board/objects/tasks.o
                0x0000000000003dc4                xTaskResumeAll
 .text.vTaskDelay
                0x0000000000003eb0       0x48 _build_lpc40xx_freertos_led_board/objects/tasks.o
                0x0000000000003eb0                vTaskDelay
 .text.vTaskSwitchContext
                0x0000000000003ef8       0xbc _build_lpc40xx_freertos_led_board/objects/tasks.o
                0x0000000000003ef8                vTaskSwitchContext
 .text.vTaskSuspend
                0x0000000000003fb4       0xd4 _build_lpc40xx_freertos_led_board/objects/tasks.o
                0x0000000000003fb4                vTaskSuspend
 .text.vTaskPlaceOnEventList
                0x0000000000004088       0x30 _build_lpc40xx_freertos_led_board/objects/tasks.o
                0x0000000000004088                vTaskPlaceOnEventList
 .text.xTaskRemoveFromEventList
                0x00000000000040b8       0x80 _build_lpc40xx_freertos_led_board/objects/tasks.o
                0x00000000000040b8                xTaskRemoveFromEventList
 .text.vTaskInternalSetTimeOutState
                0x0000000000004138       0x18 _build_lpc40xx_freertos_led_board/objects/tasks.o
                0x0000000000004138                vTaskInternalSetTimeOutState
 .text.xTaskCheckForTimeOut
                0x0000000000004150       0x74 _build_lpc40xx_freertos_led_board/objects/tasks.o
                0x0000000000004150                xTaskCheckForTimeOut
 .text.vTaskMissedYield
                0x00000000000041c4        0xc _build_lpc40xx_freertos_led_board/objects/tasks.o
                0x00000000000041c4                vTaskMissedYield
 .text.vTaskGetInfo
                0x00000000000041d0       0x7c _build_lpc40xx_freertos_led_board/objects/tasks.o
                0x00000000000041d0                vTaskGetInfo
 .text.prvListTasksWithinSingleList
                0x000000000000424c       0x5a _build_lpc40xx_freertos_led_board/objects/tasks.o
 *fill*         0x00000000000042a6        0x2 ff
 .text.uxTaskGetSystemState
                0x00000000000042a8       0x98 _build_lpc40xx_freertos_led_board/objects/tasks.o
                0x00000000000042a8                uxTaskGetSystemState
 .text.xTaskGetSchedulerState
                0x0000000000004340       0x20 _build_lpc40xx_freertos_led_board/objects/tasks.o
                0x0000000000004340                xTaskGetSchedulerState
 .text.xTaskPriorityInherit
                0x0000000000004360       0xa4 _build_lpc40xx_freertos_led_board/objects/tasks.o
                0x0000000000004360                xTaskPriorityInherit
 .text.xTaskPriorityDisinherit
                0x0000000000004404       0x9c _build_lpc40xx_freertos_led_board/objects/tasks.o
                0x0000000000004404                xTaskPriorityDisinherit
 .text.vTaskPriorityDisinheritAfterTimeout
                0x00000000000044a0       0xb0 _build_lpc40xx_freertos_led_board/objects/tasks.o
                0x00000000000044a0                vTaskPriorityDisinheritAfterTimeout
 .text.pvTaskIncrementMutexHeldCount
                0x0000000000004550       0x18 _build_lpc40xx_freertos_led_board/objects/tasks.o
                0x0000000000004550                pvTaskIncrementMutexHeldCount
 .text.vTaskResetRunTimeStats
                0x0000000000004568       0x6c _build_lpc40xx_freertos_led_board/objects/tasks.o
                0x0000000000004568                vTaskResetRunTimeStats
 .text.vRunTimeStatIsrEntry
                0x00000000000045d4       0x28 _build_lpc40xx_freertos_led_board/objects/tasks.o
                0x00000000000045d4                vRunTimeStatIsrEntry
 .text.vRunTimeStatIsrExit
                0x00000000000045fc       0x10 _build_lpc40xx_freertos_led_board/objects/tasks.o
                0x00000000000045fc                vRunTimeStatIsrExit
 .text.adc__initialize
                0x000000000000460c       0x3c _build_lpc40xx_freertos_led_board/objects/adc.o
                0x000000000000460c                adc__initialize
 .text.adc__enable_burst_mode
                0x0000000000004648       0x1c _build_lpc40xx_freertos_led_board/objects/adc.o
                0x0000000000004648                adc__enable_burst_mode
 .text.adc__get_channel_reading_with_burst_mode
                0x0000000000004664       0x1c _build_lpc40xx_freertos_led_board/objects/adc.o
                0x0000000000004664                adc__get_channel_reading_with_burst_mode
 .text.joystick_init
                0x0000000000004680       0x7c _build_lpc40xx_freertos_led_board/objects/analog_joystick_driver.o
                0x0000000000004680                joystick_init
 .text.joystick_running
                0x00000000000046fc       0x28 _build_lpc40xx_freertos_led_board/objects/analog_joystick_driver.o
                0x00000000000046fc                joystick_running
 .text.get_joystick_input_handler
                0x0000000000004724       0x1c _build_lpc40xx_freertos_led_board/objects/analog_joystick_driver.o
                0x0000000000004724                get_joystick_input_handler
 .text.board_io__initialize
                0x0000000000004740      0x104 _build_lpc40xx_freertos_led_board/objects/board_io.o
                0x0000000000004740                board_io__initialize
 .text.board_io__sd_card_cs
                0x0000000000004844       0x10 _build_lpc40xx_freertos_led_board/objects/board_io.o
                0x0000000000004844                board_io__sd_card_cs
 .text.board_io__sd_card_ds
                0x0000000000004854       0x10 _build_lpc40xx_freertos_led_board/objects/board_io.o
                0x0000000000004854                board_io__sd_card_ds
 .text.board_io__sd_card_is_present
                0x0000000000004864       0x14 _build_lpc40xx_freertos_led_board/objects/board_io.o
                0x0000000000004864                board_io__sd_card_is_present
 .text.board_io__get_led0
                0x0000000000004878        0xc _build_lpc40xx_freertos_led_board/objects/board_io.o
                0x0000000000004878                board_io__get_led0
 .text.board_io__get_led1
                0x0000000000004884        0xc _build_lpc40xx_freertos_led_board/objects/board_io.o
                0x0000000000004884                board_io__get_led1
 .text.board_io__get_led2
                0x0000000000004890        0xc _build_lpc40xx_freertos_led_board/objects/board_io.o
                0x0000000000004890                board_io__get_led2
 .text.board_io__get_led3
                0x000000000000489c        0xc _build_lpc40xx_freertos_led_board/objects/board_io.o
                0x000000000000489c                board_io__get_led3
 .text.green_button_pressed
                0x00000000000048a8       0x20 _build_lpc40xx_freertos_led_board/objects/button_driver.o
                0x00000000000048a8                green_button_pressed
 .text.button_init_as_interrupt_from_isr
                0x00000000000048c8       0x44 _build_lpc40xx_freertos_led_board/objects/button_driver.o
                0x00000000000048c8                button_init_as_interrupt_from_isr
 .text.return_green_button_binarySemphr_handle
                0x000000000000490c        0xc _build_lpc40xx_freertos_led_board/objects/button_driver.o
                0x000000000000490c                return_green_button_binarySemphr_handle
 .text.button_pressed_rtosTask
                0x0000000000004918       0x30 _build_lpc40xx_freertos_led_board/objects/button_driver.o
                0x0000000000004918                button_pressed_rtosTask
 .text.button_return_press_status
                0x0000000000004948        0xc _build_lpc40xx_freertos_led_board/objects/button_driver.o
                0x0000000000004948                button_return_press_status
 .text.button_reset_press_status
                0x0000000000004954        0xc _build_lpc40xx_freertos_led_board/objects/button_driver.o
                0x0000000000004954                button_reset_press_status
 .text.gpio__set_function
                0x0000000000004960       0x2a _build_lpc40xx_freertos_led_board/objects/gpio.o
                0x0000000000004960                gpio__set_function
 .text.gpio__construct_with_function
                0x000000000000498a       0x2a _build_lpc40xx_freertos_led_board/objects/gpio.o
                0x000000000000498a                gpio__construct_with_function
 .text.gpio__enable_open_drain
                0x00000000000049b4       0x20 _build_lpc40xx_freertos_led_board/objects/gpio.o
                0x00000000000049b4                gpio__enable_open_drain
 .text.gpio__enable_pull_down_resistors
                0x00000000000049d4       0x28 _build_lpc40xx_freertos_led_board/objects/gpio.o
                0x00000000000049d4                gpio__enable_pull_down_resistors
 .text.gpio__set_as_input
                0x00000000000049fc       0x24 _build_lpc40xx_freertos_led_board/objects/gpio.o
                0x00000000000049fc                gpio__set_as_input
 .text.gpio__construct_as_input
                0x0000000000004a20       0x28 _build_lpc40xx_freertos_led_board/objects/gpio.o
                0x0000000000004a20                gpio__construct_as_input
 .text.gpio__set_as_output
                0x0000000000004a48       0x20 _build_lpc40xx_freertos_led_board/objects/gpio.o
                0x0000000000004a48                gpio__set_as_output
 .text.gpio__construct_as_output
                0x0000000000004a68       0x28 _build_lpc40xx_freertos_led_board/objects/gpio.o
                0x0000000000004a68                gpio__construct_as_output
 .text.gpio__get
                0x0000000000004a90       0x24 _build_lpc40xx_freertos_led_board/objects/gpio.o
                0x0000000000004a90                gpio__get
 .text.gpio__set
                0x0000000000004ab4       0x1c _build_lpc40xx_freertos_led_board/objects/gpio.o
                0x0000000000004ab4                gpio__set
 .text.gpio__reset
                0x0000000000004ad0       0x1c _build_lpc40xx_freertos_led_board/objects/gpio.o
                0x0000000000004ad0                gpio__reset
 .text.gpio__toggle
                0x0000000000004aec       0x1e _build_lpc40xx_freertos_led_board/objects/gpio.o
                0x0000000000004aec                gpio__toggle
 *fill*         0x0000000000004b0a        0x2 ff
 .text.hw_timer__enable
                0x0000000000004b0c       0x48 _build_lpc40xx_freertos_led_board/objects/hw_timer.o
                0x0000000000004b0c                hw_timer__enable
 .text.hw_timer__enable_match_isr
                0x0000000000004b54       0x24 _build_lpc40xx_freertos_led_board/objects/hw_timer.o
                0x0000000000004b54                hw_timer__enable_match_isr
 .text.hw_timer__acknowledge_interrupt
                0x0000000000004b78       0x18 _build_lpc40xx_freertos_led_board/objects/hw_timer.o
                0x0000000000004b78                hw_timer__acknowledge_interrupt
 .text.hw_timer__get_value
                0x0000000000004b90       0x10 _build_lpc40xx_freertos_led_board/objects/hw_timer.o
                0x0000000000004b90                hw_timer__get_value
 .text.hw_timer__set_value
                0x0000000000004ba0       0x10 _build_lpc40xx_freertos_led_board/objects/hw_timer.o
                0x0000000000004ba0                hw_timer__set_value
 .text.i2c__transfer_unprotected
                0x0000000000004bb0       0x5e _build_lpc40xx_freertos_led_board/objects/i2c.o
 *fill*         0x0000000000004c0e        0x2 ff
 .text.i2c__handle_interrupt
                0x0000000000004c10      0x128 _build_lpc40xx_freertos_led_board/objects/i2c.o
 .text.i2c2_isr
                0x0000000000004d38        0xc _build_lpc40xx_freertos_led_board/objects/i2c.o
 .text.i2c1_isr
                0x0000000000004d44        0xc _build_lpc40xx_freertos_led_board/objects/i2c.o
 .text.i2c0_isr
                0x0000000000004d50        0xc _build_lpc40xx_freertos_led_board/objects/i2c.o
 .text.i2c__initialize
                0x0000000000004d5c       0xb8 _build_lpc40xx_freertos_led_board/objects/i2c.o
                0x0000000000004d5c                i2c__initialize
 .text.i2c__read_slave_data
                0x0000000000004e14       0x54 _build_lpc40xx_freertos_led_board/objects/i2c.o
                0x0000000000004e14                i2c__read_slave_data
 .text.i2c__read_single
                0x0000000000004e68       0x1e _build_lpc40xx_freertos_led_board/objects/i2c.o
                0x0000000000004e68                i2c__read_single
 *fill*         0x0000000000004e86        0x2 ff
 .text.i2c__write_slave_data
                0x0000000000004e88       0x50 _build_lpc40xx_freertos_led_board/objects/i2c.o
                0x0000000000004e88                i2c__write_slave_data
 .text.i2c__detect
                0x0000000000004ed8       0x18 _build_lpc40xx_freertos_led_board/objects/i2c.o
                0x0000000000004ed8                i2c__detect
 .text.i2c__write_single
                0x0000000000004ef0       0x18 _build_lpc40xx_freertos_led_board/objects/i2c.o
                0x0000000000004ef0                i2c__write_single
 .text.append_pattern_to_screen
                0x0000000000004f08       0x50 _build_lpc40xx_freertos_led_board/objects/led_matrix_driver.o
                0x0000000000004f08                append_pattern_to_screen
 .text.clear_pattern_on_screen
                0x0000000000004f58       0x48 _build_lpc40xx_freertos_led_board/objects/led_matrix_driver.o
                0x0000000000004f58                clear_pattern_on_screen
 .text.display_init
                0x0000000000004fa0       0x10 _build_lpc40xx_freertos_led_board/objects/led_matrix_driver.o
                0x0000000000004fa0                display_init
 .text.display_update
                0x0000000000004fb0      0x19c _build_lpc40xx_freertos_led_board/objects/led_matrix_driver.o
                0x0000000000004fb0                display_update
 .text.display_updating
                0x000000000000514c        0x8 _build_lpc40xx_freertos_led_board/objects/led_matrix_driver.o
                0x000000000000514c                display_updating
 .text.draw_pixel
                0x0000000000005154       0x10 _build_lpc40xx_freertos_led_board/objects/led_matrix_driver.o
                0x0000000000005154                draw_pixel
 .text.display_clear
                0x0000000000005164       0x28 _build_lpc40xx_freertos_led_board/objects/led_matrix_driver.o
                0x0000000000005164                display_clear
 .text.overwrite_pattern_to_screen
                0x000000000000518c       0x1c _build_lpc40xx_freertos_led_board/objects/led_matrix_driver.o
                0x000000000000518c                overwrite_pattern_to_screen
 .text.return_given_area_matrix_sum
                0x00000000000051a8       0x38 _build_lpc40xx_freertos_led_board/objects/led_matrix_driver.o
                0x00000000000051a8                return_given_area_matrix_sum
 .text.lpc_peripheral__halt_handler
                0x00000000000051e0        0x2 _build_lpc40xx_freertos_led_board/objects/lpc_peripherals.o
 *fill*         0x00000000000051e2        0x2 ff
 .text.lpc_peripheral__interrupt_dispatcher
                0x00000000000051e4       0x34 _build_lpc40xx_freertos_led_board/objects/lpc_peripherals.o
                0x00000000000051e4                lpc_peripheral__interrupt_dispatcher
 .text.lpc_peripheral__turn_on_power_to
                0x0000000000005218       0x24 _build_lpc40xx_freertos_led_board/objects/lpc_peripherals.o
                0x0000000000005218                lpc_peripheral__turn_on_power_to
 .text.lpc_peripheral__is_powered_on
                0x000000000000523c       0x24 _build_lpc40xx_freertos_led_board/objects/lpc_peripherals.o
                0x000000000000523c                lpc_peripheral__is_powered_on
 .text.lpc_peripheral__enable_interrupt
                0x0000000000005260       0x30 _build_lpc40xx_freertos_led_board/objects/lpc_peripherals.o
                0x0000000000005260                lpc_peripheral__enable_interrupt
 .text.mp3__u3_isr
                0x0000000000005290       0x20 _build_lpc40xx_freertos_led_board/objects/mp3_encoder.o
 .text.mp3__uart3_init
                0x00000000000052b0       0x74 _build_lpc40xx_freertos_led_board/objects/mp3_encoder.o
                0x00000000000052b0                mp3__uart3_init
 .text.mp3__uart3_put
                0x0000000000005324       0x18 _build_lpc40xx_freertos_led_board/objects/mp3_encoder.o
                0x0000000000005324                mp3__uart3_put
 .text.mp3__send_data_to_MP3
                0x000000000000533c       0x3c _build_lpc40xx_freertos_led_board/objects/mp3_encoder.o
                0x000000000000533c                mp3__send_data_to_MP3
 .text.mp3__pause
                0x0000000000005378        0xa _build_lpc40xx_freertos_led_board/objects/mp3_encoder.o
                0x0000000000005378                mp3__pause
 .text.mp3__device_init
                0x0000000000005382       0x1a _build_lpc40xx_freertos_led_board/objects/mp3_encoder.o
                0x0000000000005382                mp3__device_init
 .text.mp3__cyclePlay_folderName
                0x000000000000539c        0xa _build_lpc40xx_freertos_led_board/objects/mp3_encoder.o
                0x000000000000539c                mp3__cyclePlay_folderName
 .text.mp3__play_folderName_songName
                0x00000000000053a6        0xa _build_lpc40xx_freertos_led_board/objects/mp3_encoder.o
                0x00000000000053a6                mp3__play_folderName_songName
 .text.ssp2__dma_transfer_block
                0x00000000000053b0       0x98 _build_lpc40xx_freertos_led_board/objects/ssp2.o
 .text.ssp2__set_max_clock
                0x0000000000005448       0x2c _build_lpc40xx_freertos_led_board/objects/ssp2.o
                0x0000000000005448                ssp2__set_max_clock
 .text.ssp2__initialize
                0x0000000000005474       0x44 _build_lpc40xx_freertos_led_board/objects/ssp2.o
                0x0000000000005474                ssp2__initialize
 .text.ssp2__exchange_byte
                0x00000000000054b8       0x14 _build_lpc40xx_freertos_led_board/objects/ssp2.o
                0x00000000000054b8                ssp2__exchange_byte
 .text.ssp2__dma_write_block
                0x00000000000054cc        0x6 _build_lpc40xx_freertos_led_board/objects/ssp2.o
                0x00000000000054cc                ssp2__dma_write_block
 .text.ssp2__dma_read_block
                0x00000000000054d2        0x6 _build_lpc40xx_freertos_led_board/objects/ssp2.o
                0x00000000000054d2                ssp2__dma_read_block
 .text.uart__isr_common
                0x00000000000054d8       0x94 _build_lpc40xx_freertos_led_board/objects/uart.o
 .text.uart3_isr
                0x000000000000556c        0xc _build_lpc40xx_freertos_led_board/objects/uart.o
 .text.uart2_isr
                0x0000000000005578        0xc _build_lpc40xx_freertos_led_board/objects/uart.o
 .text.uart1_isr
                0x0000000000005584        0xc _build_lpc40xx_freertos_led_board/objects/uart.o
 .text.uart0_isr
                0x0000000000005590        0xc _build_lpc40xx_freertos_led_board/objects/uart.o
 .text.uart__init
                0x000000000000559c       0x60 _build_lpc40xx_freertos_led_board/objects/uart.o
                0x000000000000559c                uart__init
 .text.uart__is_initialized
                0x00000000000055fc       0x28 _build_lpc40xx_freertos_led_board/objects/uart.o
                0x00000000000055fc                uart__is_initialized
 .text.uart__is_transmit_queue_initialized
                0x0000000000005624       0x14 _build_lpc40xx_freertos_led_board/objects/uart.o
                0x0000000000005624                uart__is_transmit_queue_initialized
 .text.uart__is_receive_queue_initialized
                0x0000000000005638       0x14 _build_lpc40xx_freertos_led_board/objects/uart.o
                0x0000000000005638                uart__is_receive_queue_initialized
 .text.uart__enable_queues
                0x000000000000564c       0x70 _build_lpc40xx_freertos_led_board/objects/uart.o
                0x000000000000564c                uart__enable_queues
 .text.uart__polled_put
                0x00000000000056bc       0x24 _build_lpc40xx_freertos_led_board/objects/uart.o
                0x00000000000056bc                uart__polled_put
 .text.uart__get
                0x00000000000056e0       0x4c _build_lpc40xx_freertos_led_board/objects/uart.o
                0x00000000000056e0                uart__get
 .text.uart__polled_get
                0x000000000000572c       0x54 _build_lpc40xx_freertos_led_board/objects/uart.o
                0x000000000000572c                uart__polled_get
 .text.uart__put
                0x0000000000005780       0x7c _build_lpc40xx_freertos_led_board/objects/uart.o
                0x0000000000005780                uart__put
 .text.startup.main
                0x00000000000057fc      0x148 _build_lpc40xx_freertos_led_board/objects/main.o
                0x00000000000057fc                main
 .text          0x0000000000005944      0x378 /Users/harry/Desktop/cmpe-244-space-invader-game/toolchains/mac/gcc-arm-none-eabi-8-2019-q3-update/bin/../lib/gcc/arm-none-eabi/8.3.1/thumb/v7e-m+fp/hard/libgcc.a(_arm_addsubdf3.o)
                0x0000000000005944                __aeabi_drsub
                0x000000000000594c                __subdf3
                0x000000000000594c                __aeabi_dsub
                0x0000000000005950                __aeabi_dadd
                0x0000000000005950                __adddf3
                0x0000000000005bc8                __aeabi_ui2d
                0x0000000000005bc8                __floatunsidf
                0x0000000000005be8                __floatsidf
                0x0000000000005be8                __aeabi_i2d
                0x0000000000005c0c                __extendsfdf2
                0x0000000000005c0c                __aeabi_f2d
                0x0000000000005c50                __aeabi_ul2d
                0x0000000000005c50                __floatundidf
                0x0000000000005c60                __aeabi_l2d
                0x0000000000005c60                __floatdidf
 .text          0x0000000000005cbc       0x30 /Users/harry/Desktop/cmpe-244-space-invader-game/toolchains/mac/gcc-arm-none-eabi-8-2019-q3-update/bin/../lib/gcc/arm-none-eabi/8.3.1/thumb/v7e-m+fp/hard/libgcc.a(_aeabi_uldivmod.o)
                0x0000000000005cbc                __aeabi_uldivmod
 .text          0x0000000000005cec      0x2d0 /Users/harry/Desktop/cmpe-244-space-invader-game/toolchains/mac/gcc-arm-none-eabi-8-2019-q3-update/bin/../lib/gcc/arm-none-eabi/8.3.1/thumb/v7e-m+fp/hard/libgcc.a(_udivmoddi4.o)
                0x0000000000005cec                __udivmoddi4
 .text          0x0000000000005fbc        0x4 /Users/harry/Desktop/cmpe-244-space-invader-game/toolchains/mac/gcc-arm-none-eabi-8-2019-q3-update/bin/../lib/gcc/arm-none-eabi/8.3.1/thumb/v7e-m+fp/hard/libgcc.a(_dvmd_tls.o)
                0x0000000000005fbc                __aeabi_ldiv0
                0x0000000000005fbc                __aeabi_idiv0
 .text.fprintf  0x0000000000005fc0       0x24 /Users/harry/Desktop/cmpe-244-space-invader-game/toolchains/mac/gcc-arm-none-eabi-8-2019-q3-update/bin/../lib/gcc/arm-none-eabi/8.3.1/../../../../arm-none-eabi/lib/thumb/v7e-m+fp/hard/libg_nano.a(lib_a-fprintf.o)
                0x0000000000005fc0                fprintf
                0x0000000000005fc0                fiprintf
 .text._fputs_r
                0x0000000000005fe4       0xcc /Users/harry/Desktop/cmpe-244-space-invader-game/toolchains/mac/gcc-arm-none-eabi-8-2019-q3-update/bin/../lib/gcc/arm-none-eabi/8.3.1/../../../../arm-none-eabi/lib/thumb/v7e-m+fp/hard/libg_nano.a(lib_a-fputs.o)
                0x0000000000005fe4                _fputs_r
 .text.fputs    0x00000000000060b0       0x10 /Users/harry/Desktop/cmpe-244-space-invader-game/toolchains/mac/gcc-arm-none-eabi-8-2019-q3-update/bin/../lib/gcc/arm-none-eabi/8.3.1/../../../../arm-none-eabi/lib/thumb/v7e-m+fp/hard/libg_nano.a(lib_a-fputs.o)
                0x00000000000060b0                fputs
 .text.getchar  0x00000000000060c0       0x24 /Users/harry/Desktop/cmpe-244-space-invader-game/toolchains/mac/gcc-arm-none-eabi-8-2019-q3-update/bin/../lib/gcc/arm-none-eabi/8.3.1/../../../../arm-none-eabi/lib/thumb/v7e-m+fp/hard/libg_nano.a(lib_a-getchar.o)
                0x00000000000060c0                getchar
 .text.__retarget_lock_init_recursive
                0x00000000000060e4        0x2 /Users/harry/Desktop/cmpe-244-space-invader-game/toolchains/mac/gcc-arm-none-eabi-8-2019-q3-update/bin/../lib/gcc/arm-none-eabi/8.3.1/../../../../arm-none-eabi/lib/thumb/v7e-m+fp/hard/libg_nano.a(lib_a-lock.o)
                0x00000000000060e4                __retarget_lock_init_recursive
 .text.__retarget_lock_acquire_recursive
                0x00000000000060e6        0x2 /Users/harry/Desktop/cmpe-244-space-invader-game/toolchains/mac/gcc-arm-none-eabi-8-2019-q3-update/bin/../lib/gcc/arm-none-eabi/8.3.1/../../../../arm-none-eabi/lib/thumb/v7e-m+fp/hard/libg_nano.a(lib_a-lock.o)
                0x00000000000060e6                __retarget_lock_acquire_recursive
 .text.__retarget_lock_release_recursive
                0x00000000000060e8        0x2 /Users/harry/Desktop/cmpe-244-space-invader-game/toolchains/mac/gcc-arm-none-eabi-8-2019-q3-update/bin/../lib/gcc/arm-none-eabi/8.3.1/../../../../arm-none-eabi/lib/thumb/v7e-m+fp/hard/libg_nano.a(lib_a-lock.o)
                0x00000000000060e8                __retarget_lock_release_recursive
 *fill*         0x00000000000060ea        0x2 ff
 .text.malloc   0x00000000000060ec       0x10 /Users/harry/Desktop/cmpe-244-space-invader-game/toolchains/mac/gcc-arm-none-eabi-8-2019-q3-update/bin/../lib/gcc/arm-none-eabi/8.3.1/../../../../arm-none-eabi/lib/thumb/v7e-m+fp/hard/libg_nano.a(lib_a-malloc.o)
                0x00000000000060ec                malloc
 .text.free     0x00000000000060fc       0x10 /Users/harry/Desktop/cmpe-244-space-invader-game/toolchains/mac/gcc-arm-none-eabi-8-2019-q3-update/bin/../lib/gcc/arm-none-eabi/8.3.1/../../../../arm-none-eabi/lib/thumb/v7e-m+fp/hard/libg_nano.a(lib_a-malloc.o)
                0x00000000000060fc                free
 .text.memcpy   0x000000000000610c       0x1c /Users/harry/Desktop/cmpe-244-space-invader-game/toolchains/mac/gcc-arm-none-eabi-8-2019-q3-update/bin/../lib/gcc/arm-none-eabi/8.3.1/../../../../arm-none-eabi/lib/thumb/v7e-m+fp/hard/libg_nano.a(lib_a-memcpy-stub.o)
                0x000000000000610c                memcpy
 .text.memmove  0x0000000000006128       0x34 /Users/harry/Desktop/cmpe-244-space-invader-game/toolchains/mac/gcc-arm-none-eabi-8-2019-q3-update/bin/../lib/gcc/arm-none-eabi/8.3.1/../../../../arm-none-eabi/lib/thumb/v7e-m+fp/hard/libg_nano.a(lib_a-memmove.o)
                0x0000000000006128                memmove
 .text.memset   0x000000000000615c       0x10 /Users/harry/Desktop/cmpe-244-space-invader-game/toolchains/mac/gcc-arm-none-eabi-8-2019-q3-update/bin/../lib/gcc/arm-none-eabi/8.3.1/../../../../arm-none-eabi/lib/thumb/v7e-m+fp/hard/libg_nano.a(lib_a-memset.o)
                0x000000000000615c                memset
 .text._free_r  0x000000000000616c       0x9c /Users/harry/Desktop/cmpe-244-space-invader-game/toolchains/mac/gcc-arm-none-eabi-8-2019-q3-update/bin/../lib/gcc/arm-none-eabi/8.3.1/../../../../arm-none-eabi/lib/thumb/v7e-m+fp/hard/libg_nano.a(lib_a-nano-freer.o)
                0x000000000000616c                _free_r
 .text._malloc_r
                0x0000000000006208       0xb4 /Users/harry/Desktop/cmpe-244-space-invader-game/toolchains/mac/gcc-arm-none-eabi-8-2019-q3-update/bin/../lib/gcc/arm-none-eabi/8.3.1/../../../../arm-none-eabi/lib/thumb/v7e-m+fp/hard/libg_nano.a(lib_a-nano-mallocr.o)
                0x0000000000006208                _malloc_r
 .text.__sfputc_r
                0x00000000000062bc       0x2e /Users/harry/Desktop/cmpe-244-space-invader-game/toolchains/mac/gcc-arm-none-eabi-8-2019-q3-update/bin/../lib/gcc/arm-none-eabi/8.3.1/../../../../arm-none-eabi/lib/thumb/v7e-m+fp/hard/libg_nano.a(lib_a-nano-vfprintf.o)
 .text.__sfputs_r
                0x00000000000062ea       0x24 /Users/harry/Desktop/cmpe-244-space-invader-game/toolchains/mac/gcc-arm-none-eabi-8-2019-q3-update/bin/../lib/gcc/arm-none-eabi/8.3.1/../../../../arm-none-eabi/lib/thumb/v7e-m+fp/hard/libg_nano.a(lib_a-nano-vfprintf.o)
                0x00000000000062ea                __sfputs_r
 *fill*         0x000000000000630e        0x2 ff
 .text._vfprintf_r
                0x0000000000006310      0x250 /Users/harry/Desktop/cmpe-244-space-invader-game/toolchains/mac/gcc-arm-none-eabi-8-2019-q3-update/bin/../lib/gcc/arm-none-eabi/8.3.1/../../../../arm-none-eabi/lib/thumb/v7e-m+fp/hard/libg_nano.a(lib_a-nano-vfprintf.o)
                0x0000000000006310                _vfiprintf_r
                0x0000000000006310                _vfprintf_r
 .text.__cvt    0x0000000000006560       0xba /Users/harry/Desktop/cmpe-244-space-invader-game/toolchains/mac/gcc-arm-none-eabi-8-2019-q3-update/bin/../lib/gcc/arm-none-eabi/8.3.1/../../../../arm-none-eabi/lib/thumb/v7e-m+fp/hard/libg_nano.a(lib_a-nano-vfprintf_float.o)
                0x0000000000006560                __cvt
 .text.__exponent
                0x000000000000661a       0x64 /Users/harry/Desktop/cmpe-244-space-invader-game/toolchains/mac/gcc-arm-none-eabi-8-2019-q3-update/bin/../lib/gcc/arm-none-eabi/8.3.1/../../../../arm-none-eabi/lib/thumb/v7e-m+fp/hard/libg_nano.a(lib_a-nano-vfprintf_float.o)
                0x000000000000661a                __exponent
 *fill*         0x000000000000667e        0x2 ff
 .text._printf_float
                0x0000000000006680      0x454 /Users/harry/Desktop/cmpe-244-space-invader-game/toolchains/mac/gcc-arm-none-eabi-8-2019-q3-update/bin/../lib/gcc/arm-none-eabi/8.3.1/../../../../arm-none-eabi/lib/thumb/v7e-m+fp/hard/libg_nano.a(lib_a-nano-vfprintf_float.o)
                0x0000000000006680                _printf_float
 .text._printf_common
                0x0000000000006ad4       0xea /Users/harry/Desktop/cmpe-244-space-invader-game/toolchains/mac/gcc-arm-none-eabi-8-2019-q3-update/bin/../lib/gcc/arm-none-eabi/8.3.1/../../../../arm-none-eabi/lib/thumb/v7e-m+fp/hard/libg_nano.a(lib_a-nano-vfprintf_i.o)
                0x0000000000006ad4                _printf_common
 *fill*         0x0000000000006bbe        0x2 ff
 .text._printf_i
                0x0000000000006bc0      0x228 /Users/harry/Desktop/cmpe-244-space-invader-game/toolchains/mac/gcc-arm-none-eabi-8-2019-q3-update/bin/../lib/gcc/arm-none-eabi/8.3.1/../../../../arm-none-eabi/lib/thumb/v7e-m+fp/hard/libg_nano.a(lib_a-nano-vfprintf_i.o)
                0x0000000000006bc0                _printf_i
 .text._scanf_float
                0x0000000000006de8      0x3c0 /Users/harry/Desktop/cmpe-244-space-invader-game/toolchains/mac/gcc-arm-none-eabi-8-2019-q3-update/bin/../lib/gcc/arm-none-eabi/8.3.1/../../../../arm-none-eabi/lib/thumb/v7e-m+fp/hard/libg_nano.a(lib_a-nano-vfscanf_float.o)
                0x0000000000006de8                _scanf_float
 .text.printf   0x00000000000071a8       0x30 /Users/harry/Desktop/cmpe-244-space-invader-game/toolchains/mac/gcc-arm-none-eabi-8-2019-q3-update/bin/../lib/gcc/arm-none-eabi/8.3.1/../../../../arm-none-eabi/lib/thumb/v7e-m+fp/hard/libg_nano.a(lib_a-printf.o)
                0x00000000000071a8                printf
                0x00000000000071a8                iprintf
 .text.putchar  0x00000000000071d8       0x28 /Users/harry/Desktop/cmpe-244-space-invader-game/toolchains/mac/gcc-arm-none-eabi-8-2019-q3-update/bin/../lib/gcc/arm-none-eabi/8.3.1/../../../../arm-none-eabi/lib/thumb/v7e-m+fp/hard/libg_nano.a(lib_a-putchar.o)
                0x00000000000071d8                putchar
 .text._puts_r  0x0000000000007200       0xdc /Users/harry/Desktop/cmpe-244-space-invader-game/toolchains/mac/gcc-arm-none-eabi-8-2019-q3-update/bin/../lib/gcc/arm-none-eabi/8.3.1/../../../../arm-none-eabi/lib/thumb/v7e-m+fp/hard/libg_nano.a(lib_a-puts.o)
                0x0000000000007200                _puts_r
 .text.puts     0x00000000000072dc       0x10 /Users/harry/Desktop/cmpe-244-space-invader-game/toolchains/mac/gcc-arm-none-eabi-8-2019-q3-update/bin/../lib/gcc/arm-none-eabi/8.3.1/../../../../arm-none-eabi/lib/thumb/v7e-m+fp/hard/libg_nano.a(lib_a-puts.o)
                0x00000000000072dc                puts
 .text.rand     0x00000000000072ec       0x68 /Users/harry/Desktop/cmpe-244-space-invader-game/toolchains/mac/gcc-arm-none-eabi-8-2019-q3-update/bin/../lib/gcc/arm-none-eabi/8.3.1/../../../../arm-none-eabi/lib/thumb/v7e-m+fp/hard/libg_nano.a(lib_a-rand.o)
                0x00000000000072ec                rand
 .text._sbrk_r  0x0000000000007354       0x20 /Users/harry/Desktop/cmpe-244-space-invader-game/toolchains/mac/gcc-arm-none-eabi-8-2019-q3-update/bin/../lib/gcc/arm-none-eabi/8.3.1/../../../../arm-none-eabi/lib/thumb/v7e-m+fp/hard/libg_nano.a(lib_a-sbrkr.o)
                0x0000000000007354                _sbrk_r
 .text.setvbuf  0x0000000000007374      0x184 /Users/harry/Desktop/cmpe-244-space-invader-game/toolchains/mac/gcc-arm-none-eabi-8-2019-q3-update/bin/../lib/gcc/arm-none-eabi/8.3.1/../../../../arm-none-eabi/lib/thumb/v7e-m+fp/hard/libg_nano.a(lib_a-setvbuf.o)
                0x0000000000007374                setvbuf
 .text.nanf     0x00000000000074f8        0xc /Users/harry/Desktop/cmpe-244-space-invader-game/toolchains/mac/gcc-arm-none-eabi-8-2019-q3-update/bin/../lib/gcc/arm-none-eabi/8.3.1/../../../../arm-none-eabi/lib/thumb/v7e-m+fp/hard/libg_nano.a(lib_a-sf_nan.o)
                0x00000000000074f8                nanf
 .text.sprintf  0x0000000000007504       0x40 /Users/harry/Desktop/cmpe-244-space-invader-game/toolchains/mac/gcc-arm-none-eabi-8-2019-q3-update/bin/../lib/gcc/arm-none-eabi/8.3.1/../../../../arm-none-eabi/lib/thumb/v7e-m+fp/hard/libg_nano.a(lib_a-sprintf.o)
                0x0000000000007504                sprintf
                0x0000000000007504                siprintf
 .text.strcasecmp
                0x0000000000007544       0x38 /Users/harry/Desktop/cmpe-244-space-invader-game/toolchains/mac/gcc-arm-none-eabi-8-2019-q3-update/bin/../lib/gcc/arm-none-eabi/8.3.1/../../../../arm-none-eabi/lib/thumb/v7e-m+fp/hard/libg_nano.a(lib_a-strcasecmp.o)
                0x0000000000007544                strcasecmp
 .text.strchr   0x000000000000757c       0x1a /Users/harry/Desktop/cmpe-244-space-invader-game/toolchains/mac/gcc-arm-none-eabi-8-2019-q3-update/bin/../lib/gcc/arm-none-eabi/8.3.1/../../../../arm-none-eabi/lib/thumb/v7e-m+fp/hard/libg_nano.a(lib_a-strchr.o)
                0x000000000000757c                strchr
 .text          0x0000000000007596       0x10 /Users/harry/Desktop/cmpe-244-space-invader-game/toolchains/mac/gcc-arm-none-eabi-8-2019-q3-update/bin/../lib/gcc/arm-none-eabi/8.3.1/../../../../arm-none-eabi/lib/thumb/v7e-m+fp/hard/libg_nano.a(lib_a-strlen.o)
                0x0000000000007596                strlen
 *fill*         0x00000000000075a6        0x2 ff
 .text.strncasecmp
                0x00000000000075a8       0x44 /Users/harry/Desktop/cmpe-244-space-invader-game/toolchains/mac/gcc-arm-none-eabi-8-2019-q3-update/bin/../lib/gcc/arm-none-eabi/8.3.1/../../../../arm-none-eabi/lib/thumb/v7e-m+fp/hard/libg_nano.a(lib_a-strncasecmp.o)
                0x00000000000075a8                strncasecmp
 .text.strncmp  0x00000000000075ec       0x24 /Users/harry/Desktop/cmpe-244-space-invader-game/toolchains/mac/gcc-arm-none-eabi-8-2019-q3-update/bin/../lib/gcc/arm-none-eabi/8.3.1/../../../../arm-none-eabi/lib/thumb/v7e-m+fp/hard/libg_nano.a(lib_a-strncmp.o)
                0x00000000000075ec                strncmp
 .text.strncpy  0x0000000000007610       0x26 /Users/harry/Desktop/cmpe-244-space-invader-game/toolchains/mac/gcc-arm-none-eabi-8-2019-q3-update/bin/../lib/gcc/arm-none-eabi/8.3.1/../../../../arm-none-eabi/lib/thumb/v7e-m+fp/hard/libg_nano.a(lib_a-strncpy.o)
                0x0000000000007610                strncpy
 .text.strstr   0x0000000000007636       0x2e /Users/harry/Desktop/cmpe-244-space-invader-game/toolchains/mac/gcc-arm-none-eabi-8-2019-q3-update/bin/../lib/gcc/arm-none-eabi/8.3.1/../../../../arm-none-eabi/lib/thumb/v7e-m+fp/hard/libg_nano.a(lib_a-strstr.o)
                0x0000000000007636                strstr
 .text.sulp     0x0000000000007664       0x38 /Users/harry/Desktop/cmpe-244-space-invader-game/toolchains/mac/gcc-arm-none-eabi-8-2019-q3-update/bin/../lib/gcc/arm-none-eabi/8.3.1/../../../../arm-none-eabi/lib/thumb/v7e-m+fp/hard/libg_nano.a(lib_a-strtod.o)
 *fill*         0x000000000000769c        0x4 ff
 .text._strtod_l
                0x00000000000076a0      0xb98 /Users/harry/Desktop/cmpe-244-space-invader-game/toolchains/mac/gcc-arm-none-eabi-8-2019-q3-update/bin/../lib/gcc/arm-none-eabi/8.3.1/../../../../arm-none-eabi/lib/thumb/v7e-m+fp/hard/libg_nano.a(lib_a-strtod.o)
                0x00000000000076a0                _strtod_l
 .text._strtod_r
                0x0000000000008238        0xc /Users/harry/Desktop/cmpe-244-space-invader-game/toolchains/mac/gcc-arm-none-eabi-8-2019-q3-update/bin/../lib/gcc/arm-none-eabi/8.3.1/../../../../arm-none-eabi/lib/thumb/v7e-m+fp/hard/libg_nano.a(lib_a-strtod.o)
                0x0000000000008238                _strtod_r
 .text._strtol_l.isra.0
                0x0000000000008244       0xf0 /Users/harry/Desktop/cmpe-244-space-invader-game/toolchains/mac/gcc-arm-none-eabi-8-2019-q3-update/bin/../lib/gcc/arm-none-eabi/8.3.1/../../../../arm-none-eabi/lib/thumb/v7e-m+fp/hard/libg_nano.a(lib_a-strtol.o)
 .text._strtol_r
                0x0000000000008334        0x4 /Users/harry/Desktop/cmpe-244-space-invader-game/toolchains/mac/gcc-arm-none-eabi-8-2019-q3-update/bin/../lib/gcc/arm-none-eabi/8.3.1/../../../../arm-none-eabi/lib/thumb/v7e-m+fp/hard/libg_nano.a(lib_a-strtol.o)
                0x0000000000008334                _strtol_r
 .text.strtol   0x0000000000008338       0x14 /Users/harry/Desktop/cmpe-244-space-invader-game/toolchains/mac/gcc-arm-none-eabi-8-2019-q3-update/bin/../lib/gcc/arm-none-eabi/8.3.1/../../../../arm-none-eabi/lib/thumb/v7e-m+fp/hard/libg_nano.a(lib_a-strtol.o)
                0x0000000000008338                strtol
 .text._vsnprintf_r
                0x000000000000834c       0x58 /Users/harry/Desktop/cmpe-244-space-invader-game/toolchains/mac/gcc-arm-none-eabi-8-2019-q3-update/bin/../lib/gcc/arm-none-eabi/8.3.1/../../../../arm-none-eabi/lib/thumb/v7e-m+fp/hard/libg_nano.a(lib_a-vsnprintf.o)
                0x000000000000834c                _vsnprintf_r
                0x000000000000834c                _vsniprintf_r
 .text.vsnprintf
                0x00000000000083a4       0x1c /Users/harry/Desktop/cmpe-244-space-invader-game/toolchains/mac/gcc-arm-none-eabi-8-2019-q3-update/bin/../lib/gcc/arm-none-eabi/8.3.1/../../../../arm-none-eabi/lib/thumb/v7e-m+fp/hard/libg_nano.a(lib_a-vsnprintf.o)
                0x00000000000083a4                vsnprintf
                0x00000000000083a4                vsniprintf
 .text._vsscanf_r
                0x00000000000083c0       0x48 /Users/harry/Desktop/cmpe-244-space-invader-game/toolchains/mac/gcc-arm-none-eabi-8-2019-q3-update/bin/../lib/gcc/arm-none-eabi/8.3.1/../../../../arm-none-eabi/lib/thumb/v7e-m+fp/hard/libg_nano.a(lib_a-vsscanf.o)
                0x00000000000083c0                _vsiscanf_r
                0x00000000000083c0                _vsscanf_r
 .text.vsscanf  0x0000000000008408       0x14 /Users/harry/Desktop/cmpe-244-space-invader-game/toolchains/mac/gcc-arm-none-eabi-8-2019-q3-update/bin/../lib/gcc/arm-none-eabi/8.3.1/../../../../arm-none-eabi/lib/thumb/v7e-m+fp/hard/libg_nano.a(lib_a-vsscanf.o)
                0x0000000000008408                vsscanf
                0x0000000000008408                vsiscanf
 .text.__swbuf_r
                0x000000000000841c       0xa4 /Users/harry/Desktop/cmpe-244-space-invader-game/toolchains/mac/gcc-arm-none-eabi-8-2019-q3-update/bin/../lib/gcc/arm-none-eabi/8.3.1/../../../../arm-none-eabi/lib/thumb/v7e-m+fp/hard/libg_nano.a(lib_a-wbuf.o)
                0x000000000000841c                __swbuf_r
 .text.__swsetup_r
                0x00000000000084c0       0xdc /Users/harry/Desktop/cmpe-244-space-invader-game/toolchains/mac/gcc-arm-none-eabi-8-2019-q3-update/bin/../lib/gcc/arm-none-eabi/8.3.1/../../../../arm-none-eabi/lib/thumb/v7e-m+fp/hard/libg_nano.a(lib_a-wsetup.o)
                0x00000000000084c0                __swsetup_r
 .text.quorem   0x000000000000859c      0x112 /Users/harry/Desktop/cmpe-244-space-invader-game/toolchains/mac/gcc-arm-none-eabi-8-2019-q3-update/bin/../lib/gcc/arm-none-eabi/8.3.1/../../../../arm-none-eabi/lib/thumb/v7e-m+fp/hard/libg_nano.a(lib_a-dtoa.o)
 *fill*         0x00000000000086ae        0x2 ff
 .text._dtoa_r  0x00000000000086b0      0xb74 /Users/harry/Desktop/cmpe-244-space-invader-game/toolchains/mac/gcc-arm-none-eabi-8-2019-q3-update/bin/../lib/gcc/arm-none-eabi/8.3.1/../../../../arm-none-eabi/lib/thumb/v7e-m+fp/hard/libg_nano.a(lib_a-dtoa.o)
                0x00000000000086b0                _dtoa_r
 .text.__sflush_r
                0x0000000000009224      0x10c /Users/harry/Desktop/cmpe-244-space-invader-game/toolchains/mac/gcc-arm-none-eabi-8-2019-q3-update/bin/../lib/gcc/arm-none-eabi/8.3.1/../../../../arm-none-eabi/lib/thumb/v7e-m+fp/hard/libg_nano.a(lib_a-fflush.o)
                0x0000000000009224                __sflush_r
 .text._fflush_r
                0x0000000000009330       0x78 /Users/harry/Desktop/cmpe-244-space-invader-game/toolchains/mac/gcc-arm-none-eabi-8-2019-q3-update/bin/../lib/gcc/arm-none-eabi/8.3.1/../../../../arm-none-eabi/lib/thumb/v7e-m+fp/hard/libg_nano.a(lib_a-fflush.o)
                0x0000000000009330                _fflush_r
 .text.fflush   0x00000000000093a8       0x24 /Users/harry/Desktop/cmpe-244-space-invader-game/toolchains/mac/gcc-arm-none-eabi-8-2019-q3-update/bin/../lib/gcc/arm-none-eabi/8.3.1/../../../../arm-none-eabi/lib/thumb/v7e-m+fp/hard/libg_nano.a(lib_a-fflush.o)
                0x00000000000093a8                fflush
 .text.std      0x00000000000093cc       0x48 /Users/harry/Desktop/cmpe-244-space-invader-game/toolchains/mac/gcc-arm-none-eabi-8-2019-q3-update/bin/../lib/gcc/arm-none-eabi/8.3.1/../../../../arm-none-eabi/lib/thumb/v7e-m+fp/hard/libg_nano.a(lib_a-findfp.o)
 .text._cleanup_r
                0x0000000000009414        0xc /Users/harry/Desktop/cmpe-244-space-invader-game/toolchains/mac/gcc-arm-none-eabi-8-2019-q3-update/bin/../lib/gcc/arm-none-eabi/8.3.1/../../../../arm-none-eabi/lib/thumb/v7e-m+fp/hard/libg_nano.a(lib_a-findfp.o)
                0x0000000000009414                _cleanup_r
 .text.__sfmoreglue
                0x0000000000009420       0x2c /Users/harry/Desktop/cmpe-244-space-invader-game/toolchains/mac/gcc-arm-none-eabi-8-2019-q3-update/bin/../lib/gcc/arm-none-eabi/8.3.1/../../../../arm-none-eabi/lib/thumb/v7e-m+fp/hard/libg_nano.a(lib_a-findfp.o)
                0x0000000000009420                __sfmoreglue
 .text.__sfp_lock_acquire
                0x000000000000944c        0xc /Users/harry/Desktop/cmpe-244-space-invader-game/toolchains/mac/gcc-arm-none-eabi-8-2019-q3-update/bin/../lib/gcc/arm-none-eabi/8.3.1/../../../../arm-none-eabi/lib/thumb/v7e-m+fp/hard/libg_nano.a(lib_a-findfp.o)
                0x000000000000944c                __sfp_lock_acquire
 .text.__sfp_lock_release
                0x0000000000009458        0xc /Users/harry/Desktop/cmpe-244-space-invader-game/toolchains/mac/gcc-arm-none-eabi-8-2019-q3-update/bin/../lib/gcc/arm-none-eabi/8.3.1/../../../../arm-none-eabi/lib/thumb/v7e-m+fp/hard/libg_nano.a(lib_a-findfp.o)
                0x0000000000009458                __sfp_lock_release
 .text.__sinit_lock_acquire
                0x0000000000009464        0xc /Users/harry/Desktop/cmpe-244-space-invader-game/toolchains/mac/gcc-arm-none-eabi-8-2019-q3-update/bin/../lib/gcc/arm-none-eabi/8.3.1/../../../../arm-none-eabi/lib/thumb/v7e-m+fp/hard/libg_nano.a(lib_a-findfp.o)
                0x0000000000009464                __sinit_lock_acquire
 .text.__sinit_lock_release
                0x0000000000009470        0xc /Users/harry/Desktop/cmpe-244-space-invader-game/toolchains/mac/gcc-arm-none-eabi-8-2019-q3-update/bin/../lib/gcc/arm-none-eabi/8.3.1/../../../../arm-none-eabi/lib/thumb/v7e-m+fp/hard/libg_nano.a(lib_a-findfp.o)
                0x0000000000009470                __sinit_lock_release
 .text.__sinit  0x000000000000947c       0x70 /Users/harry/Desktop/cmpe-244-space-invader-game/toolchains/mac/gcc-arm-none-eabi-8-2019-q3-update/bin/../lib/gcc/arm-none-eabi/8.3.1/../../../../arm-none-eabi/lib/thumb/v7e-m+fp/hard/libg_nano.a(lib_a-findfp.o)
                0x000000000000947c                __sinit
 .text.__sfp    0x00000000000094ec       0x8c /Users/harry/Desktop/cmpe-244-space-invader-game/toolchains/mac/gcc-arm-none-eabi-8-2019-q3-update/bin/../lib/gcc/arm-none-eabi/8.3.1/../../../../arm-none-eabi/lib/thumb/v7e-m+fp/hard/libg_nano.a(lib_a-findfp.o)
                0x00000000000094ec                __sfp
 .text._fwalk   0x0000000000009578       0x38 /Users/harry/Desktop/cmpe-244-space-invader-game/toolchains/mac/gcc-arm-none-eabi-8-2019-q3-update/bin/../lib/gcc/arm-none-eabi/8.3.1/../../../../arm-none-eabi/lib/thumb/v7e-m+fp/hard/libg_nano.a(lib_a-fwalk.o)
                0x0000000000009578                _fwalk
 .text._fwalk_reent
                0x00000000000095b0       0x3c /Users/harry/Desktop/cmpe-244-space-invader-game/toolchains/mac/gcc-arm-none-eabi-8-2019-q3-update/bin/../lib/gcc/arm-none-eabi/8.3.1/../../../../arm-none-eabi/lib/thumb/v7e-m+fp/hard/libg_nano.a(lib_a-fwalk.o)
                0x00000000000095b0                _fwalk_reent
 .text.rshift   0x00000000000095ec       0x74 /Users/harry/Desktop/cmpe-244-space-invader-game/toolchains/mac/gcc-arm-none-eabi-8-2019-q3-update/bin/../lib/gcc/arm-none-eabi/8.3.1/../../../../arm-none-eabi/lib/thumb/v7e-m+fp/hard/libg_nano.a(lib_a-gdtoa-gethex.o)
 .text.__hexdig_fun
                0x0000000000009660       0x2a /Users/harry/Desktop/cmpe-244-space-invader-game/toolchains/mac/gcc-arm-none-eabi-8-2019-q3-update/bin/../lib/gcc/arm-none-eabi/8.3.1/../../../../arm-none-eabi/lib/thumb/v7e-m+fp/hard/libg_nano.a(lib_a-gdtoa-gethex.o)
                0x0000000000009660                __hexdig_fun
 *fill*         0x000000000000968a        0x2 ff
 .text.__gethex
                0x000000000000968c      0x448 /Users/harry/Desktop/cmpe-244-space-invader-game/toolchains/mac/gcc-arm-none-eabi-8-2019-q3-update/bin/../lib/gcc/arm-none-eabi/8.3.1/../../../../arm-none-eabi/lib/thumb/v7e-m+fp/hard/libg_nano.a(lib_a-gdtoa-gethex.o)
                0x000000000000968c                __gethex
 .text.L_shift  0x0000000000009ad4       0x24 /Users/harry/Desktop/cmpe-244-space-invader-game/toolchains/mac/gcc-arm-none-eabi-8-2019-q3-update/bin/../lib/gcc/arm-none-eabi/8.3.1/../../../../arm-none-eabi/lib/thumb/v7e-m+fp/hard/libg_nano.a(lib_a-gdtoa-hexnan.o)
 .text.__match  0x0000000000009af8       0x28 /Users/harry/Desktop/cmpe-244-space-invader-game/toolchains/mac/gcc-arm-none-eabi-8-2019-q3-update/bin/../lib/gcc/arm-none-eabi/8.3.1/../../../../arm-none-eabi/lib/thumb/v7e-m+fp/hard/libg_nano.a(lib_a-gdtoa-hexnan.o)
                0x0000000000009af8                __match
 .text.__hexnan
                0x0000000000009b20      0x120 /Users/harry/Desktop/cmpe-244-space-invader-game/toolchains/mac/gcc-arm-none-eabi-8-2019-q3-update/bin/../lib/gcc/arm-none-eabi/8.3.1/../../../../arm-none-eabi/lib/thumb/v7e-m+fp/hard/libg_nano.a(lib_a-gdtoa-hexnan.o)
                0x0000000000009b20                __hexnan
 .text._getc_r  0x0000000000009c40       0x80 /Users/harry/Desktop/cmpe-244-space-invader-game/toolchains/mac/gcc-arm-none-eabi-8-2019-q3-update/bin/../lib/gcc/arm-none-eabi/8.3.1/../../../../arm-none-eabi/lib/thumb/v7e-m+fp/hard/libg_nano.a(lib_a-getc.o)
                0x0000000000009c40                _getc_r
 .text._localeconv_r
                0x0000000000009cc0        0x8 /Users/harry/Desktop/cmpe-244-space-invader-game/toolchains/mac/gcc-arm-none-eabi-8-2019-q3-update/bin/../lib/gcc/arm-none-eabi/8.3.1/../../../../arm-none-eabi/lib/thumb/v7e-m+fp/hard/libg_nano.a(lib_a-localeconv.o)
                0x0000000000009cc0                _localeconv_r
 .text.__swhatbuf_r
                0x0000000000009cc8       0x48 /Users/harry/Desktop/cmpe-244-space-invader-game/toolchains/mac/gcc-arm-none-eabi-8-2019-q3-update/bin/../lib/gcc/arm-none-eabi/8.3.1/../../../../arm-none-eabi/lib/thumb/v7e-m+fp/hard/libg_nano.a(lib_a-makebuf.o)
                0x0000000000009cc8                __swhatbuf_r
 .text.__smakebuf_r
                0x0000000000009d10       0x80 /Users/harry/Desktop/cmpe-244-space-invader-game/toolchains/mac/gcc-arm-none-eabi-8-2019-q3-update/bin/../lib/gcc/arm-none-eabi/8.3.1/../../../../arm-none-eabi/lib/thumb/v7e-m+fp/hard/libg_nano.a(lib_a-makebuf.o)
                0x0000000000009d10                __smakebuf_r
 .text.__ascii_mbtowc
                0x0000000000009d90       0x24 /Users/harry/Desktop/cmpe-244-space-invader-game/toolchains/mac/gcc-arm-none-eabi-8-2019-q3-update/bin/../lib/gcc/arm-none-eabi/8.3.1/../../../../arm-none-eabi/lib/thumb/v7e-m+fp/hard/libg_nano.a(lib_a-mbtowc_r.o)
                0x0000000000009d90                __ascii_mbtowc
 *fill*         0x0000000000009db4        0xc ff
 .text          0x0000000000009dc0       0xa0 /Users/harry/Desktop/cmpe-244-space-invader-game/toolchains/mac/gcc-arm-none-eabi-8-2019-q3-update/bin/../lib/gcc/arm-none-eabi/8.3.1/../../../../arm-none-eabi/lib/thumb/v7e-m+fp/hard/libg_nano.a(lib_a-memchr.o)
                0x0000000000009dc0                memchr
 .text.__malloc_lock
                0x0000000000009e60        0xc /Users/harry/Desktop/cmpe-244-space-invader-game/toolchains/mac/gcc-arm-none-eabi-8-2019-q3-update/bin/../lib/gcc/arm-none-eabi/8.3.1/../../../../arm-none-eabi/lib/thumb/v7e-m+fp/hard/libg_nano.a(lib_a-mlock.o)
                0x0000000000009e60                __malloc_lock
 .text.__malloc_unlock
                0x0000000000009e6c        0xc /Users/harry/Desktop/cmpe-244-space-invader-game/toolchains/mac/gcc-arm-none-eabi-8-2019-q3-update/bin/../lib/gcc/arm-none-eabi/8.3.1/../../../../arm-none-eabi/lib/thumb/v7e-m+fp/hard/libg_nano.a(lib_a-mlock.o)
                0x0000000000009e6c                __malloc_unlock
 .text._Balloc  0x0000000000009e78       0x68 /Users/harry/Desktop/cmpe-244-space-invader-game/toolchains/mac/gcc-arm-none-eabi-8-2019-q3-update/bin/../lib/gcc/arm-none-eabi/8.3.1/../../../../arm-none-eabi/lib/thumb/v7e-m+fp/hard/libg_nano.a(lib_a-mprec.o)
                0x0000000000009e78                _Balloc
 .text._Bfree   0x0000000000009ee0       0x2e /Users/harry/Desktop/cmpe-244-space-invader-game/toolchains/mac/gcc-arm-none-eabi-8-2019-q3-update/bin/../lib/gcc/arm-none-eabi/8.3.1/../../../../arm-none-eabi/lib/thumb/v7e-m+fp/hard/libg_nano.a(lib_a-mprec.o)
                0x0000000000009ee0                _Bfree
 .text.__multadd
                0x0000000000009f0e       0x76 /Users/harry/Desktop/cmpe-244-space-invader-game/toolchains/mac/gcc-arm-none-eabi-8-2019-q3-update/bin/../lib/gcc/arm-none-eabi/8.3.1/../../../../arm-none-eabi/lib/thumb/v7e-m+fp/hard/libg_nano.a(lib_a-mprec.o)
                0x0000000000009f0e                __multadd
 .text.__s2b    0x0000000000009f84       0x7c /Users/harry/Desktop/cmpe-244-space-invader-game/toolchains/mac/gcc-arm-none-eabi-8-2019-q3-update/bin/../lib/gcc/arm-none-eabi/8.3.1/../../../../arm-none-eabi/lib/thumb/v7e-m+fp/hard/libg_nano.a(lib_a-mprec.o)
                0x0000000000009f84                __s2b
 .text.__hi0bits
                0x000000000000a000       0x40 /Users/harry/Desktop/cmpe-244-space-invader-game/toolchains/mac/gcc-arm-none-eabi-8-2019-q3-update/bin/../lib/gcc/arm-none-eabi/8.3.1/../../../../arm-none-eabi/lib/thumb/v7e-m+fp/hard/libg_nano.a(lib_a-mprec.o)
                0x000000000000a000                __hi0bits
 .text.__lo0bits
                0x000000000000a040       0x60 /Users/harry/Desktop/cmpe-244-space-invader-game/toolchains/mac/gcc-arm-none-eabi-8-2019-q3-update/bin/../lib/gcc/arm-none-eabi/8.3.1/../../../../arm-none-eabi/lib/thumb/v7e-m+fp/hard/libg_nano.a(lib_a-mprec.o)
                0x000000000000a040                __lo0bits
 .text.__i2b    0x000000000000a0a0       0x12 /Users/harry/Desktop/cmpe-244-space-invader-game/toolchains/mac/gcc-arm-none-eabi-8-2019-q3-update/bin/../lib/gcc/arm-none-eabi/8.3.1/../../../../arm-none-eabi/lib/thumb/v7e-m+fp/hard/libg_nano.a(lib_a-mprec.o)
                0x000000000000a0a0                __i2b
 .text.__multiply
                0x000000000000a0b2      0x120 /Users/harry/Desktop/cmpe-244-space-invader-game/toolchains/mac/gcc-arm-none-eabi-8-2019-q3-update/bin/../lib/gcc/arm-none-eabi/8.3.1/../../../../arm-none-eabi/lib/thumb/v7e-m+fp/hard/libg_nano.a(lib_a-mprec.o)
                0x000000000000a0b2                __multiply
 *fill*         0x000000000000a1d2        0x2 ff
 .text.__pow5mult
                0x000000000000a1d4       0x9c /Users/harry/Desktop/cmpe-244-space-invader-game/toolchains/mac/gcc-arm-none-eabi-8-2019-q3-update/bin/../lib/gcc/arm-none-eabi/8.3.1/../../../../arm-none-eabi/lib/thumb/v7e-m+fp/hard/libg_nano.a(lib_a-mprec.o)
                0x000000000000a1d4                __pow5mult
 .text.__lshift